Component: ARM Compiler 5.05 update 2 (build 169) Tool: armlink [4d0f33]

==============================================================================

Section Cross References

    main.o(.text) refers to sys.o(.text) for NVIC_Configuration
    main.o(.text) refers to delay.o(.text) for delay_init
    main.o(.text) refers to usart.o(.text) for uart_init
    main.o(.text) refers to lcd.o(.text) for LCD_Init
    main.o(.text) refers to led.o(.text) for LED_Init
    main.o(.text) refers to key.o(.text) for KEY_Init
    main.o(.text) refers to malloc.o(.text) for mem_init
    main.o(.text) refers to exfuns.o(.text) for exfuns_init
    main.o(.text) refers to ff.o(.text) for f_mount
    main.o(.text) refers to fontupd.o(.text) for font_init
    main.o(.text) refers to mmc_sd.o(.text) for SD_Initialize
    main.o(.text) refers to lora_app.o(.text) for Lora_Test
    main.o(.text) refers to usmart_config.o(.data) for usmart_dev
    main.o(.text) refers to touch.o(.data) for tp_dev
    main.o(.text) refers to exfuns.o(.data) for fs
    main.o(.text) refers to lcd.o(.data) for POINT_COLOR
    system_stm32f10x.o(.text) refers to system_stm32f10x.o(.data) for SystemCoreClock
    led.o(.text) refers to stm32f10x_rcc.o(.text) for RCC_APB2PeriphClockCmd
    led.o(.text) refers to stm32f10x_gpio.o(.text) for GPIO_Init
    key.o(.text) refers to stm32f10x_rcc.o(.text) for RCC_APB2PeriphClockCmd
    key.o(.text) refers to stm32f10x_gpio.o(.text) for GPIO_PinRemapConfig
    key.o(.text) refers to delay.o(.text) for delay_ms
    key.o(.text) refers to key.o(.data) for key_up
    lcd.o(.text) refers to _printf_percent.o(.ARM.Collect$$_printf_percent$$00000000) for _printf_percent
    lcd.o(.text) refers to _printf_x.o(.ARM.Collect$$_printf_percent$$0000000C) for _printf_x
    lcd.o(.text) refers to _printf_hex_int_ll_ptr.o(.text) for _printf_longlong_hex
    lcd.o(.text) refers to stm32f10x_gpio.o(.text) for GPIO_ResetBits
    lcd.o(.text) refers to delay.o(.text) for delay_us
    lcd.o(.text) refers to lcd.o(.bss) for lcddev
    lcd.o(.text) refers to lcd.o(.data) for POINT_COLOR
    lcd.o(.text) refers to stm32f10x_rcc.o(.text) for RCC_APB2PeriphClockCmd
    lcd.o(.text) refers to __2printf.o(.text) for __2printf
    lcd.o(.text) refers to lcd.o(.constdata) for asc2_1206
    spi.o(.text) refers to stm32f10x_spi.o(.text) for SPI_I2S_GetFlagStatus
    spi.o(.text) refers to stm32f10x_rcc.o(.text) for RCC_APB2PeriphClockCmd
    spi.o(.text) refers to stm32f10x_gpio.o(.text) for GPIO_Init
    spi.o(.text) refers to spi.o(.bss) for SPI_InitStructure
    flash.o(.text) refers to spi.o(.text) for SPI1_ReadWriteByte
    flash.o(.text) refers to stm32f10x_rcc.o(.text) for RCC_APB2PeriphClockCmd
    flash.o(.text) refers to stm32f10x_gpio.o(.text) for GPIO_Init
    flash.o(.text) refers to malloc.o(.text) for mymalloc
    flash.o(.text) refers to delay.o(.text) for delay_us
    flash.o(.text) refers to flash.o(.data) for SPI_FLASH_TYPE
    mmc_sd.o(.text) refers to spi.o(.text) for SPI1_ReadWriteByte
    mmc_sd.o(.text) refers to stm32f10x_rcc.o(.text) for RCC_APB2PeriphClockCmd
    mmc_sd.o(.text) refers to stm32f10x_gpio.o(.text) for GPIO_Init
    mmc_sd.o(.text) refers to mmc_sd.o(.data) for SD_Type
    myiic.o(.text) refers to stm32f10x_rcc.o(.text) for RCC_APB2PeriphClockCmd
    myiic.o(.text) refers to stm32f10x_gpio.o(.text) for GPIO_Init
    myiic.o(.text) refers to delay.o(.text) for delay_us
    24cxx.o(.text) refers to myiic.o(.text) for IIC_Init
    24cxx.o(.text) refers to delay.o(.text) for delay_ms
    touch.o(.text) refers to delay.o(.text) for delay_us
    touch.o(.text) refers to lcd.o(.text) for LCD_DrawLine
    touch.o(.text) refers to fflt_clz.o(x$fpl$fflt) for __aeabi_i2f
    touch.o(.text) refers to fflt_clz.o(x$fpl$ffltu) for __aeabi_ui2f
    touch.o(.text) refers to fmul.o(x$fpl$fmul) for __aeabi_fmul
    touch.o(.text) refers to faddsub_clz.o(x$fpl$fadd) for __aeabi_fadd
    touch.o(.text) refers to ffixu.o(x$fpl$ffixu) for __aeabi_f2uiz
    touch.o(.text) refers to 24cxx.o(.text) for AT24CXX_WriteLenByte
    touch.o(.text) refers to touch.o(.data) for CMD_RDX
    touch.o(.text) refers to lcd.o(.data) for POINT_COLOR
    touch.o(.text) refers to dflt_clz.o(x$fpl$dfltu) for __aeabi_ui2d
    touch.o(.text) refers to sqrt.o(i.sqrt) for sqrt
    touch.o(.text) refers to dfixu.o(x$fpl$dfixu) for __aeabi_d2uiz
    touch.o(.text) refers to fdiv.o(x$fpl$fdiv) for __aeabi_fdiv
    touch.o(.text) refers to f2d.o(x$fpl$f2d) for __aeabi_f2d
    touch.o(.text) refers to lcd.o(.bss) for lcddev
    touch.o(.text) refers to touch.o(.constdata) for TP_ADJDIS_TBL
    touch.o(.text) refers to dleqf.o(x$fpl$dleqf) for __aeabi_cdcmple
    touch.o(.text) refers to drleqf.o(x$fpl$drleqf) for __aeabi_cdrcmple
    touch.o(.text) refers to faddsub_clz.o(x$fpl$fsub) for __aeabi_fsub
    touch.o(.text) refers to ffix.o(x$fpl$ffix) for __aeabi_f2iz
[...]
    DMA2_Channel4_5_IRQHandler               0x080085d7   Thumb Code     0  startup_stm32f10x_hd.o(.text)
    EXTI0_IRQHandler                         0x080085d7   Thumb Code     0  startup_stm32f10x_hd.o(.text)
    EXTI15_10_IRQHandler                     0x080085d7   Thumb Code     0  startup_stm32f10x_hd.o(.text)
    EXTI1_IRQHandler                         0x080085d7   Thumb Code     0  startup_stm32f10x_hd.o(.text)
    EXTI2_IRQHandler                         0x080085d7   Thumb Code     0  startup_stm32f10x_hd.o(.text)
    EXTI3_IRQHandler                         0x080085d7   Thumb Code     0  startup_stm32f10x_hd.o(.text)
    EXTI9_5_IRQHandler                       0x080085d7   Thumb Code     0  startup_stm32f10x_hd.o(.text)
    FLASH_IRQHandler                         0x080085d7   Thumb Code     0  startup_stm32f10x_hd.o(.text)
    FSMC_IRQHandler                          0x080085d7   Thumb Code     0  startup_stm32f10x_hd.o(.text)
    I2C1_ER_IRQHandler                       0x080085d7   Thumb Code     0  startup_stm32f10x_hd.o(.text)
    I2C1_EV_IRQHandler                       0x080085d7   Thumb Code     0  startup_stm32f10x_hd.o(.text)
    I2C2_ER_IRQHandler                       0x080085d7   Thumb Code     0  startup_stm32f10x_hd.o(.text)
    I2C2_EV_IRQHandler                       0x080085d7   Thumb Code     0  startup_stm32f10x_hd.o(.text)
    PVD_IRQHandler                           0x080085d7   Thumb Code     0  startup_stm32f10x_hd.o(.text)
    RCC_IRQHandler                           0x080085d7   Thumb Code     0  startup_stm32f10x_hd.o(.text)
    RTCAlarm_IRQHandler                      0x080085d7   Thumb Code     0  startup_stm32f10x_hd.o(.text)
    RTC_IRQHandler                           0x080085d7   Thumb Code     0  startup_stm32f10x_hd.o(.text)
    SDIO_IRQHandler                          0x080085d7   Thumb Code     0  startup_stm32f10x_hd.o(.text)
    SPI1_IRQHandler                          0x080085d7   Thumb Code     0  startup_stm32f10x_hd.o(.text)
    SPI2_IRQHandler                          0x080085d7   Thumb Code     0  startup_stm32f10x_hd.o(.text)
    SPI3_IRQHandler                          0x080085d7   Thumb Code     0  startup_stm32f10x_hd.o(.text)
    TAMPER_IRQHandler                        0x080085d7   Thumb Code     0  startup_stm32f10x_hd.o(.text)
    TIM1_BRK_IRQHandler                      0x080085d7   Thumb Code     0  startup_stm32f10x_hd.o(.text)
    TIM1_CC_IRQHandler                       0x080085d7   Thumb Code     0  startup_stm32f10x_hd.o(.text)
    TIM1_TRG_COM_IRQHandler                  0x080085d7   Thumb Code     0  startup_stm32f10x_hd.o(.text)
    TIM1_UP_IRQHandler                       0x080085d7   Thumb Code     0  startup_stm32f10x_hd.o(.text)
    TIM3_IRQHandler                          0x080085d7   Thumb Code     0  startup_stm32f10x_hd.o(.text)
    TIM5_IRQHandler                          0x080085d7   Thumb Code     0  startup_stm32f10x_hd.o(.text)
    TIM6_IRQHandler                          0x080085d7   Thumb Code     0  startup_stm32f10x_hd.o(.text)
    TIM7_IRQHandler                          0x080085d7   Thumb Code     0  startup_stm32f10x_hd.o(.text)
    TIM8_BRK_IRQHandler                      0x080085d7   Thumb Code     0  startup_stm32f10x_hd.o(.text)
    TIM8_CC_IRQHandler                       0x080085d7   Thumb Code     0  startup_stm32f10x_hd.o(.text)
    TIM8_TRG_COM_IRQHandler                  0x080085d7   Thumb Code     0  startup_stm32f10x_hd.o(.text)
    TIM8_UP_IRQHandler                       0x080085d7   Thumb Code     0  startup_stm32f10x_hd.o(.text)
    UART4_IRQHandler                         0x080085d7   Thumb Code     0  startup_stm32f10x_hd.o(.text)
    UART5_IRQHandler                         0x080085d7   Thumb Code     0  startup_stm32f10x_hd.o(.text)
    USART3_IRQHandler                        0x080085d7   Thumb Code     0  startup_stm32f10x_hd.o(.text)
    USBWakeUp_IRQHandler                     0x080085d7   Thumb Code     0  startup_stm32f10x_hd.o(.text)
    USB_HP_CAN1_TX_IRQHandler                0x080085d7   Thumb Code     0  startup_stm32f10x_hd.o(.text)
    USB_LP_CAN1_RX0_IRQHandler               0x080085d7   Thumb Code     0  startup_stm32f10x_hd.o(.text)
    WWDG_IRQHandler                          0x080085d7   Thumb Code     0  startup_stm32f10x_hd.o(.text)
    __user_initial_stackheap                 0x080085d9   Thumb Code     0  startup_stm32f10x_hd.o(.text)
    GPIO_DeInit                              0x080085fd   Thumb Code   172  stm32f10x_gpio.o(.text)
    GPIO_AFIODeInit                          0x080086a9   Thumb Code    20  stm32f10x_gpio.o(.text)
    GPIO_Init                                0x080086bd   Thumb Code   278  stm32f10x_gpio.o(.text)
    GPIO_StructInit                          0x080087d3   Thumb Code    16  stm32f10x_gpio.o(.text)
    GPIO_ReadInputDataBit                    0x080087e3   Thumb Code    18  stm32f10x_gpio.o(.text)
    GPIO_ReadInputData                       0x080087f5   Thumb Code     8  stm32f10x_gpio.o(.text)
    GPIO_ReadOutputDataBit                   0x080087fd   Thumb Code    18  stm32f10x_gpio.o(.text)
    GPIO_ReadOutputData                      0x0800880f   Thumb Code     8  stm32f10x_gpio.o(.text)
    GPIO_SetBits                             0x08008817   Thumb Code     4  stm32f10x_gpio.o(.text)
    GPIO_ResetBits                           0x0800881b   Thumb Code     4  stm32f10x_gpio.o(.text)
    GPIO_WriteBit                            0x0800881f   Thumb Code    10  stm32f10x_gpio.o(.text)
    GPIO_Write                               0x08008829   Thumb Code     4  stm32f10x_gpio.o(.text)
    GPIO_PinLockConfig                       0x0800882d   Thumb Code    18  stm32f10x_gpio.o(.text)
    GPIO_EventOutputConfig                   0x0800883f   Thumb Code    26  stm32f10x_gpio.o(.text)
    GPIO_EventOutputCmd                      0x08008859   Thumb Code     6  stm32f10x_gpio.o(.text)
    GPIO_PinRemapConfig                      0x0800885f   Thumb Code   138  stm32f10x_gpio.o(.text)
    GPIO_EXTILineConfig                      0x080088e9   Thumb Code    66  stm32f10x_gpio.o(.text)
    GPIO_ETH_MediaInterfaceConfig            0x0800892b   Thumb Code     8  stm32f10x_gpio.o(.text)
    RCC_DeInit                               0x08008959   Thumb Code    64  stm32f10x_rcc.o(.text)
    RCC_HSEConfig                            0x08008999   Thumb Code    70  stm32f10x_rcc.o(.text)
    RCC_GetFlagStatus                        0x080089df   Thumb Code    56  stm32f10x_rcc.o(.text)
    RCC_WaitForHSEStartUp                    0x08008a17   Thumb Code    56  stm32f10x_rcc.o(.text)
    RCC_AdjustHSICalibrationValue            0x08008a4f   Thumb Code    20  stm32f10x_rcc.o(.text)
    RCC_HSICmd                               0x08008a63   Thumb Code     6  stm32f10x_rcc.o(.text)
    RCC_PLLConfig                            0x08008a69   Thumb Code    24  stm32f10x_rcc.o(.text)
    RCC_PLLCmd                               0x08008a81   Thumb Code     6  stm32f10x_rcc.o(.text)
    RCC_SYSCLKConfig                         0x08008a87   Thumb Code    18  stm32f10x_rcc.o(.text)
    RCC_GetSYSCLKSource                      0x08008a99   Thumb Code    10  stm32f10x_rcc.o(.text)
    RCC_HCLKConfig                           0x08008aa3   Thumb Code    18  stm32f10x_rcc.o(.text)
    RCC_PCLK1Config                          0x08008ab5   Thumb Code    18  stm32f10x_rcc.o(.text)
    RCC_PCLK2Config                          0x08008ac7   Thumb Code    20  stm32f10x_rcc.o(.text)
    RCC_ITConfig                             0x08008adb   Thumb Code    26  stm32f10x_rcc.o(.text)
    RCC_USBCLKConfig                         0x08008af5   Thumb Code     8  stm32f10x_rcc.o(.text)
    RCC_ADCCLKConfig                         0x08008afd   Thumb Code    18  stm32f10x_rcc.o(.text)
    RCC_LSEConfig                            0x08008b0f   Thumb Code    50  stm32f10x_rcc.o(.text)
    RCC_LSICmd                               0x08008b41   Thumb Code     6  stm32f10x_rcc.o(.text)
    RCC_RTCCLKConfig                         0x08008b47   Thumb Code    12  stm32f10x_rcc.o(.text)
    RCC_RTCCLKCmd                            0x08008b53   Thumb Code     8  stm32f10x_rcc.o(.text)
    RCC_GetClocksFreq                        0x08008b5b   Thumb Code   192  stm32f10x_rcc.o(.text)
    RCC_AHBPeriphClockCmd                    0x08008c1b   Thumb Code    26  stm32f10x_rcc.o(.text)
    RCC_APB2PeriphClockCmd                   0x08008c35   Thumb Code    26  stm32f10x_rcc.o(.text)
    RCC_APB1PeriphClockCmd                   0x08008c4f   Thumb Code    26  stm32f10x_rcc.o(.text)
    RCC_APB2PeriphResetCmd                   0x08008c69   Thumb Code    26  stm32f10x_rcc.o(.text)
    RCC_APB1PeriphResetCmd                   0x08008c83   Thumb Code    26  stm32f10x_rcc.o(.text)
    RCC_BackupResetCmd                       0x08008c9d   Thumb Code     8  stm32f10x_rcc.o(.text)
    RCC_ClockSecuritySystemCmd               0x08008ca5   Thumb Code     6  stm32f10x_rcc.o(.text)
    RCC_MCOConfig                            0x08008cab   Thumb Code     6  stm32f10x_rcc.o(.text)
    RCC_ClearFlag                            0x08008cb1   Thumb Code    14  stm32f10x_rcc.o(.text)
    RCC_GetITStatus                          0x08008cbf   Thumb Code    20  stm32f10x_rcc.o(.text)
    RCC_ClearITPendingBit                    0x08008cd3   Thumb Code     6  stm32f10x_rcc.o(.text)
    USART_DeInit                             0x08008cfd   Thumb Code   134  stm32f10x_usart.o(.text)
    USART_Init                               0x08008d83   Thumb Code   210  stm32f10x_usart.o(.text)
    USART_StructInit                         0x08008e55   Thumb Code    24  stm32f10x_usart.o(.text)
    USART_ClockInit                          0x08008e6d   Thumb Code    34  stm32f10x_usart.o(.text)
    USART_ClockStructInit                    0x08008e8f   Thumb Code    12  stm32f10x_usart.o(.text)
    USART_Cmd                                0x08008e9b   Thumb Code    24  stm32f10x_usart.o(.text)
    USART_ITConfig                           0x08008eb3   Thumb Code    74  stm32f10x_usart.o(.text)
    USART_DMACmd                             0x08008efd   Thumb Code    18  stm32f10x_usart.o(.text)
    USART_SetAddress                         0x08008f0f   Thumb Code    18  stm32f10x_usart.o(.text)
    USART_WakeUpConfig                       0x08008f21   Thumb Code    18  stm32f10x_usart.o(.text)
    USART_ReceiverWakeUpCmd                  0x08008f33   Thumb Code    24  stm32f10x_usart.o(.text)
    USART_LINBreakDetectLengthConfig         0x08008f4b   Thumb Code    18  stm32f10x_usart.o(.text)
    USART_LINCmd                             0x08008f5d   Thumb Code    24  stm32f10x_usart.o(.text)
    USART_SendData                           0x08008f75   Thumb Code     8  stm32f10x_usart.o(.text)
    USART_ReceiveData                        0x08008f7d   Thumb Code    10  stm32f10x_usart.o(.text)
    USART_SendBreak                          0x08008f87   Thumb Code    10  stm32f10x_usart.o(.text)
    USART_SetGuardTime                       0x08008f91   Thumb Code    16  stm32f10x_usart.o(.text)
    USART_SetPrescaler                       0x08008fa1   Thumb Code    16  stm32f10x_usart.o(.text)
    USART_SmartCardCmd                       0x08008fb1   Thumb Code    24  stm32f10x_usart.o(.text)
    USART_SmartCardNACKCmd                   0x08008fc9   Thumb Code    24  stm32f10x_usart.o(.text)
    USART_HalfDuplexCmd                      0x08008fe1   Thumb Code    24  stm32f10x_usart.o(.text)
    USART_OverSampling8Cmd                   0x08008ff9   Thumb Code    22  stm32f10x_usart.o(.text)
    USART_OneBitMethodCmd                    0x0800900f   Thumb Code    24  stm32f10x_usart.o(.text)
    USART_IrDAConfig                         0x08009027   Thumb Code    18  stm32f10x_usart.o(.text)
    USART_IrDACmd                            0x08009039   Thumb Code    24  stm32f10x_usart.o(.text)
    USART_GetFlagStatus                      0x08009051   Thumb Code    26  stm32f10x_usart.o(.text)
    USART_ClearFlag                          0x0800906b   Thumb Code    18  stm32f10x_usart.o(.text)
    USART_GetITStatus                        0x0800907d   Thumb Code    84  stm32f10x_usart.o(.text)
    USART_ClearITPendingBit                  0x080090d1   Thumb Code    52  stm32f10x_usart.o(.text)
    NVIC_PriorityGroupConfig                 0x08009105   Thumb Code    10  misc.o(.text)
    NVIC_Init                                0x0800910f   Thumb Code   100  misc.o(.text)
    NVIC_SetVectorTable                      0x08009173   Thumb Code    14  misc.o(.text)
    NVIC_SystemLPConfig                      0x08009181   Thumb Code    34  misc.o(.text)
    SysTick_CLKSourceConfig                  0x080091a3   Thumb Code    40  misc.o(.text)
    SPI_I2S_DeInit                           0x080091e1   Thumb Code    76  stm32f10x_spi.o(.text)
    SPI_Init                                 0x0800922d   Thumb Code    60  stm32f10x_spi.o(.text)
    I2S_Init                                 0x08009269   Thumb Code   226  stm32f10x_spi.o(.text)
    SPI_StructInit                           0x0800934b   Thumb Code    24  stm32f10x_spi.o(.text)
    I2S_StructInit                           0x08009363   Thumb Code    20  stm32f10x_spi.o(.text)
    SPI_Cmd                                  0x08009377   Thumb Code    24  stm32f10x_spi.o(.text)
    I2S_Cmd                                  0x0800938f   Thumb Code    24  stm32f10x_spi.o(.text)
    SPI_I2S_ITConfig                         0x080093a7   Thumb Code    32  stm32f10x_spi.o(.text)
    SPI_I2S_DMACmd                           0x080093c7   Thumb Code    18  stm32f10x_spi.o(.text)
    SPI_I2S_SendData                         0x080093d9   Thumb Code     4  stm32f10x_spi.o(.text)
    SPI_I2S_ReceiveData                      0x080093dd   Thumb Code     6  stm32f10x_spi.o(.text)
    SPI_NSSInternalSoftwareConfig            0x080093e3   Thumb Code    30  stm32f10x_spi.o(.text)
    SPI_SSOutputCmd                          0x08009401   Thumb Code    24  stm32f10x_spi.o(.text)
    SPI_DataSizeConfig                       0x08009419   Thumb Code    18  stm32f10x_spi.o(.text)
    SPI_TransmitCRC                          0x0800942b   Thumb Code    10  stm32f10x_spi.o(.text)
    SPI_CalculateCRC                         0x08009435   Thumb Code    24  stm32f10x_spi.o(.text)
    SPI_GetCRC                               0x0800944d   Thumb Code    16  stm32f10x_spi.o(.text)
    SPI_GetCRCPolynomial                     0x0800945d   Thumb Code     6  stm32f10x_spi.o(.text)
    SPI_BiDirectionalLineConfig              0x08009463   Thumb Code    28  stm32f10x_spi.o(.text)
    SPI_I2S_GetFlagStatus                    0x0800947f   Thumb Code    18  stm32f10x_spi.o(.text)
    SPI_I2S_ClearFlag                        0x08009491   Thumb Code     6  stm32f10x_spi.o(.text)
    SPI_I2S_GetITStatus                      0x08009497   Thumb Code    52  stm32f10x_spi.o(.text)
    SPI_I2S_ClearITPendingBit                0x080094cb   Thumb Code    20  stm32f10x_spi.o(.text)
    TIM_DeInit                               0x080094ed   Thumb Code   424  stm32f10x_tim.o(.text)
    TIM_TimeBaseInit                         0x08009695   Thumb Code   122  stm32f10x_tim.o(.text)
    TIM_OC1Init                              0x0800970f   Thumb Code   132  stm32f10x_tim.o(.text)
    TIM_OC2Init                              0x08009793   Thumb Code   154  stm32f10x_tim.o(.text)
    TIM_OC3Init                              0x0800982d   Thumb Code   150  stm32f10x_tim.o(.text)
    TIM_OC4Init                              0x080098c3   Thumb Code   182  stm32f10x_tim.o(.text)
    TIM_SetIC4Prescaler                      0x08009979   Thumb Code    26  stm32f10x_tim.o(.text)
    TIM_SetIC3Prescaler                      0x08009a15   Thumb Code    18  stm32f10x_tim.o(.text)
    TIM_SetIC2Prescaler                      0x08009aa1   Thumb Code    26  stm32f10x_tim.o(.text)
    TIM_SetIC1Prescaler                      0x08009b3d   Thumb Code    18  stm32f10x_tim.o(.text)
    TIM_ICInit                               0x08009bbb   Thumb Code   150  stm32f10x_tim.o(.text)
    TIM_PWMIConfig                           0x08009c51   Thumb Code   124  stm32f10x_tim.o(.text)
    TIM_BDTRConfig                           0x08009ccd   Thumb Code    32  stm32f10x_tim.o(.text)
    TIM_TimeBaseStructInit                   0x08009ced   Thumb Code    18  stm32f10x_tim.o(.text)
    TIM_OCStructInit                         0x08009cff   Thumb Code    20  stm32f10x_tim.o(.text)
    TIM_ICStructInit                         0x08009d13   Thumb Code    18  stm32f10x_tim.o(.text)
    TIM_BDTRStructInit                       0x08009d25   Thumb Code    40  stm32f10x_tim.o(.text)
    TIM_Cmd                                  0x08009d4d   Thumb Code    24  stm32f10x_tim.o(.text)
    TIM_CtrlPWMOutputs                       0x08009d65   Thumb Code    30  stm32f10x_tim.o(.text)
    TIM_ITConfig                             0x08009d83   Thumb Code    18  stm32f10x_tim.o(.text)
    TIM_GenerateEvent                        0x08009d95   Thumb Code     4  stm32f10x_tim.o(.text)
    TIM_DMAConfig                            0x08009d99   Thumb Code    10  stm32f10x_tim.o(.text)
    TIM_DMACmd                               0x08009da3   Thumb Code    18  stm32f10x_tim.o(.text)
    TIM_InternalClockConfig                  0x08009db5   Thumb Code    12  stm32f10x_tim.o(.text)
    TIM_SelectInputTrigger                   0x08009dc1   Thumb Code    18  stm32f10x_tim.o(.text)
    TIM_ITRxExternalClockConfig              0x08009dd3   Thumb Code    24  stm32f10x_tim.o(.text)
    TIM_TIxExternalClockConfig               0x08009deb   Thumb Code    62  stm32f10x_tim.o(.text)
    TIM_ETRConfig                            0x08009e29   Thumb Code    28  stm32f10x_tim.o(.text)
    TIM_ETRClockMode1Config                  0x08009e45   Thumb Code    54  stm32f10x_tim.o(.text)
    TIM_ETRClockMode2Config                  0x08009e7b   Thumb Code    32  stm32f10x_tim.o(.text)
    TIM_PrescalerConfig                      0x08009e9b   Thumb Code     6  stm32f10x_tim.o(.text)
    TIM_CounterModeConfig                    0x08009ea1   Thumb Code    18  stm32f10x_tim.o(.text)
    TIM_EncoderInterfaceConfig               0x08009eb3   Thumb Code    66  stm32f10x_tim.o(.text)
    TIM_ForcedOC1Config                      0x08009ef5   Thumb Code    18  stm32f10x_tim.o(.text)
    TIM_ForcedOC2Config                      0x08009f07   Thumb Code    26  stm32f10x_tim.o(.text)
    TIM_ForcedOC3Config                      0x08009f21   Thumb Code    18  stm32f10x_tim.o(.text)
    TIM_ForcedOC4Config                      0x08009f33   Thumb Code    26  stm32f10x_tim.o(.text)
    TIM_ARRPreloadConfig                     0x08009f4d   Thumb Code    24  stm32f10x_tim.o(.text)
    TIM_SelectCOM                            0x08009f65   Thumb Code    24  stm32f10x_tim.o(.text)
    TIM_SelectCCDMA                          0x08009f7d   Thumb Code    24  stm32f10x_tim.o(.text)
    TIM_CCPreloadControl                     0x08009f95   Thumb Code    24  stm32f10x_tim.o(.text)
    TIM_OC1PreloadConfig                     0x08009fad   Thumb Code    18  stm32f10x_tim.o(.text)
    TIM_OC2PreloadConfig                     0x08009fbf   Thumb Code    26  stm32f10x_tim.o(.text)
    TIM_OC3PreloadConfig                     0x08009fd9   Thumb Code    18  stm32f10x_tim.o(.text)
    TIM_OC4PreloadConfig                     0x08009feb   Thumb Code    26  stm32f10x_tim.o(.text)
    TIM_OC1FastConfig                        0x0800a005   Thumb Code    18  stm32f10x_tim.o(.text)
    TIM_OC2FastConfig                        0x0800a017   Thumb Code    26  stm32f10x_tim.o(.text)
    TIM_OC3FastConfig                        0x0800a031   Thumb Code    18  stm32f10x_tim.o(.text)
    TIM_OC4FastConfig                        0x0800a043   Thumb Code    26  stm32f10x_tim.o(.text)
    TIM_ClearOC1Ref                          0x0800a05d   Thumb Code    18  stm32f10x_tim.o(.text)
    TIM_ClearOC2Ref                          0x0800a06f   Thumb Code    24  stm32f10x_tim.o(.text)
    TIM_ClearOC3Ref                          0x0800a087   Thumb Code    18  stm32f10x_tim.o(.text)
    TIM_ClearOC4Ref                          0x0800a099   Thumb Code    24  stm32f10x_tim.o(.text)
    TIM_OC1PolarityConfig                    0x0800a0b1   Thumb Code    18  stm32f10x_tim.o(.text)
    TIM_OC1NPolarityConfig                   0x0800a0c3   Thumb Code    18  stm32f10x_tim.o(.text)
    TIM_OC2PolarityConfig                    0x0800a0d5   Thumb Code    26  stm32f10x_tim.o(.text)
    TIM_OC2NPolarityConfig                   0x0800a0ef   Thumb Code    26  stm32f10x_tim.o(.text)
    TIM_OC3PolarityConfig                    0x0800a109   Thumb Code    26  stm32f10x_tim.o(.text)
    TIM_OC3NPolarityConfig                   0x0800a123   Thumb Code    26  stm32f10x_tim.o(.text)
    TIM_OC4PolarityConfig                    0x0800a13d   Thumb Code    26  stm32f10x_tim.o(.text)
    TIM_CCxCmd                               0x0800a157   Thumb Code    30  stm32f10x_tim.o(.text)
    TIM_CCxNCmd                              0x0800a175   Thumb Code    30  stm32f10x_tim.o(.text)
    TIM_SelectOCxM                           0x0800a193   Thumb Code    82  stm32f10x_tim.o(.text)
    TIM_UpdateDisableConfig                  0x0800a1e5   Thumb Code    24  stm32f10x_tim.o(.text)
    TIM_UpdateRequestConfig                  0x0800a1fd   Thumb Code    24  stm32f10x_tim.o(.text)
    TIM_SelectHallSensor                     0x0800a215   Thumb Code    24  stm32f10x_tim.o(.text)
    TIM_SelectOnePulseMode                   0x0800a22d   Thumb Code    18  stm32f10x_tim.o(.text)
    TIM_SelectOutputTrigger                  0x0800a23f   Thumb Code    18  stm32f10x_tim.o(.text)
    TIM_SelectSlaveMode                      0x0800a251   Thumb Code    18  stm32f10x_tim.o(.text)
    TIM_SelectMasterSlaveMode                0x0800a263   Thumb Code    18  stm32f10x_tim.o(.text)
    TIM_SetCounter                           0x0800a275   Thumb Code     4  stm32f10x_tim.o(.text)
    TIM_SetAutoreload                        0x0800a279   Thumb Code     4  stm32f10x_tim.o(.text)
    TIM_SetCompare1                          0x0800a27d   Thumb Code     4  stm32f10x_tim.o(.text)
    TIM_SetCompare2                          0x0800a281   Thumb Code     4  stm32f10x_tim.o(.text)
    TIM_SetCompare3                          0x0800a285   Thumb Code     4  stm32f10x_tim.o(.text)
    TIM_SetCompare4                          0x0800a289   Thumb Code     6  stm32f10x_tim.o(.text)
    TIM_SetClockDivision                     0x0800a28f   Thumb Code    18  stm32f10x_tim.o(.text)
    TIM_GetCapture1                          0x0800a2a1   Thumb Code     6  stm32f10x_tim.o(.text)
    TIM_GetCapture2                          0x0800a2a7   Thumb Code     6  stm32f10x_tim.o(.text)
    TIM_GetCapture3                          0x0800a2ad   Thumb Code     6  stm32f10x_tim.o(.text)
    TIM_GetCapture4                          0x0800a2b3   Thumb Code     8  stm32f10x_tim.o(.text)
    TIM_GetCounter                           0x0800a2bb   Thumb Code     6  stm32f10x_tim.o(.text)
    TIM_GetPrescaler                         0x0800a2c1   Thumb Code     6  stm32f10x_tim.o(.text)
    TIM_GetFlagStatus                        0x0800a2c7   Thumb Code    18  stm32f10x_tim.o(.text)
    TIM_ClearFlag                            0x0800a2d9   Thumb Code     6  stm32f10x_tim.o(.text)
    TIM_GetITStatus                          0x0800a2df   Thumb Code    34  stm32f10x_tim.o(.text)
    TIM_ClearITPendingBit                    0x0800a301   Thumb Code     6  stm32f10x_tim.o(.text)
    DMA_DeInit                               0x0800a309   Thumb Code   324  stm32f10x_dma.o(.text)
    DMA_Init                                 0x0800a44d   Thumb Code    60  stm32f10x_dma.o(.text)
    DMA_StructInit                           0x0800a489   Thumb Code    26  stm32f10x_dma.o(.text)
    DMA_Cmd                                  0x0800a4a3   Thumb Code    24  stm32f10x_dma.o(.text)
    DMA_ITConfig                             0x0800a4bb   Thumb Code    18  stm32f10x_dma.o(.text)
    DMA_SetCurrDataCounter                   0x0800a4cd   Thumb Code     4  stm32f10x_dma.o(.text)
    DMA_GetCurrDataCounter                   0x0800a4d1   Thumb Code     8  stm32f10x_dma.o(.text)
    DMA_GetFlagStatus                        0x0800a4d9   Thumb Code    40  stm32f10x_dma.o(.text)
    DMA_ClearFlag                            0x0800a501   Thumb Code    22  stm32f10x_dma.o(.text)
    DMA_GetITStatus                          0x0800a517   Thumb Code    40  stm32f10x_dma.o(.text)
    DMA_ClearITPendingBit                    0x0800a53f   Thumb Code    22  stm32f10x_dma.o(.text)
    EXTI_DeInit                              0x0800a55d   Thumb Code    28  stm32f10x_exti.o(.text)
    EXTI_Init                                0x0800a579   Thumb Code   142  stm32f10x_exti.o(.text)
    EXTI_StructInit                          0x0800a607   Thumb Code    16  stm32f10x_exti.o(.text)
    EXTI_GenerateSWInterrupt                 0x0800a617   Thumb Code    16  stm32f10x_exti.o(.text)
    EXTI_GetFlagStatus                       0x0800a627   Thumb Code    22  stm32f10x_exti.o(.text)
    EXTI_ClearFlag                           0x0800a63d   Thumb Code     8  stm32f10x_exti.o(.text)
    EXTI_GetITStatus                         0x0800a645   Thumb Code    34  stm32f10x_exti.o(.text)
    EXTI_ClearITPendingBit                   0x0800a667   Thumb Code     8  stm32f10x_exti.o(.text)
    mymemcpy                                 0x0800a679   Thumb Code    26  malloc.o(.text)
    mymemset                                 0x0800a693   Thumb Code    20  malloc.o(.text)
    mem_init                                 0x0800a6a7   Thumb Code    38  malloc.o(.text)
    mem_perused                              0x0800a6cd   Thumb Code    42  malloc.o(.text)
    mem_malloc                               0x0800a6f7   Thumb Code   116  malloc.o(.text)
    mem_free                                 0x0800a76b   Thumb Code    66  malloc.o(.text)
    myfree                                   0x0800a7ad   Thumb Code    24  malloc.o(.text)
    mymalloc                                 0x0800a7c5   Thumb Code    28  malloc.o(.text)
    myrealloc                                0x0800a7e1   Thumb Code    50  malloc.o(.text)
    exfuns_init                              0x0800a819   Thumb Code   100  exfuns.o(.text)
    char_upper                               0x0800a87d   Thumb Code    26  exfuns.o(.text)
    f_typetell                               0x0800a897   Thumb Code   188  exfuns.o(.text)
    exf_getfree                              0x0800a953   Thumb Code    74  exfuns.o(.text)
    disk_initialize                          0x0800a9b1   Thumb Code   100  diskio.o(.text)
    disk_status                              0x0800aa15   Thumb Code     6  diskio.o(.text)
    disk_read                                0x0800aa1b   Thumb Code   118  diskio.o(.text)
    disk_write                               0x0800aa91   Thumb Code    98  diskio.o(.text)
    disk_ioctl                               0x0800aaf3   Thumb Code   154  diskio.o(.text)
    get_fattime                              0x0800ab8d   Thumb Code     4  diskio.o(.text)
    ff_memalloc                              0x0800ab91   Thumb Code    12  diskio.o(.text)
    ff_memfree                               0x0800ab9d   Thumb Code    12  diskio.o(.text)
    clust2sect                               0x0800ad63   Thumb Code    26  ff.o(.text)
    get_fat                                  0x0800ad7d   Thumb Code   232  ff.o(.text)
    put_fat                                  0x0800ae65   Thumb Code   310  ff.o(.text)
    f_mount                                  0x0800c177   Thumb Code    86  ff.o(.text)
    f_open                                   0x0800c1cd   Thumb Code   384  ff.o(.text)
    f_read                                   0x0800c34d   Thumb Code   450  ff.o(.text)
    f_write                                  0x0800c50f   Thumb Code   498  ff.o(.text)
    f_sync                                   0x0800c701   Thumb Code   176  ff.o(.text)
    f_close                                  0x0800c7b1   Thumb Code    32  ff.o(.text)
    f_lseek                                  0x0800c7d1   Thumb Code   654  ff.o(.text)
    f_opendir                                0x0800ca5f   Thumb Code   136  ff.o(.text)
    f_closedir                               0x0800cae7   Thumb Code    22  ff.o(.text)
    f_readdir                                0x0800cafd   Thumb Code   114  ff.o(.text)
    f_stat                                   0x0800cb6f   Thumb Code    84  ff.o(.text)
    f_getfree                                0x0800cbc3   Thumb Code   258  ff.o(.text)
    f_truncate                               0x0800ccc5   Thumb Code   184  ff.o(.text)
    f_unlink                                 0x0800cd7d   Thumb Code   194  ff.o(.text)
    f_mkdir                                  0x0800ce3f   Thumb Code   380  ff.o(.text)
    f_chmod                                  0x0800cfbb   Thumb Code   112  ff.o(.text)
    f_utime                                  0x0800d02b   Thumb Code   110  ff.o(.text)
    f_rename                                 0x0800d099   Thumb Code   314  ff.o(.text)
    f_getlabel                               0x0800d1d3   Thumb Code   190  ff.o(.text)
    f_setlabel                               0x0800d291   Thumb Code   470  ff.o(.text)
    f_mkfs                                   0x0800d467   Thumb Code  1570  ff.o(.text)
    f_gets                                   0x0800da89   Thumb Code    82  ff.o(.text)
    f_putc                                   0x0800db1f   Thumb Code    64  ff.o(.text)
    f_puts                                   0x0800db5f   Thumb Code    74  ff.o(.text)
    f_printf                                 0x0800dba9   Thumb Code   674  ff.o(.text)
    ff_convert                               0x0800de4d   Thumb Code   146  mycc936.o(.text)
    ff_wtoupper                              0x0800dedf   Thumb Code    46  mycc936.o(.text)
    fupd_prog                                0x0800df19   Thumb Code   134  fontupd.o(.text)
    updata_fontx                             0x0800df9f   Thumb Code   340  fontupd.o(.text)
    update_font                              0x0800e0f3   Thumb Code   330  fontupd.o(.text)
    font_init                                0x0800e23d   Thumb Code    34  fontupd.o(.text)
    Get_HzMat                                0x0800e2dd   Thumb Code   220  text.o(.text)
    Show_Font                                0x0800e3b9   Thumb Code   190  text.o(.text)
    Show_Str                                 0x0800e477   Thumb Code   192  text.o(.text)
    Show_Str_Mid                             0x0800e537   Thumb Code   106  text.o(.text)
    usmart_sys_cmd_exe                       0x0800e5b1   Thumb Code  1554  usmart.o(.text)
    usmart_reset_runtime                     0x0800ebc3   Thumb Code    34  usmart.o(.text)
    usmart_get_runtime                       0x0800ebe5   Thumb Code    58  usmart.o(.text)
    TIM2_IRQHandler                          0x0800ec1f   Thumb Code    52  usmart.o(.text)
    Timer2_Init                              0x0800ec53   Thumb Code    74  usmart.o(.text)
    usmart_init                              0x0800ec9d   Thumb Code    36  usmart.o(.text)
    usmart_cmd_rec                           0x0800ecc1   Thumb Code   170  usmart.o(.text)
    usmart_exe                               0x0800ed6b   Thumb Code   872  usmart.o(.text)
    usmart_scan                              0x0800f0d3   Thumb Code   120  usmart.o(.text)
    read_addr                                0x0800f14b   Thumb Code     6  usmart.o(.text)
    write_addr                               0x0800f151   Thumb Code     4  usmart.o(.text)
    usmart_strcmp                            0x0800f1dd   Thumb Code    34  usmart_str.o(.text)
    usmart_strcopy                           0x0800f1ff   Thumb Code    22  usmart_str.o(.text)
    usmart_strlen                            0x0800f215   Thumb Code    24  usmart_str.o(.text)
    usmart_pow                               0x0800f22d   Thumb Code    22  usmart_str.o(.text)
    usmart_str2num                           0x0800f243   Thumb Code   202  usmart_str.o(.text)
    usmart_get_cmdname                       0x0800f30d   Thumb Code    54  usmart_str.o(.text)
    usmart_search_nextc                      0x0800f343   Thumb Code    22  usmart_str.o(.text)
    usmart_get_fname                         0x0800f359   Thumb Code   440  usmart_str.o(.text)
    usmart_get_aparm                         0x0800f511   Thumb Code   200  usmart_str.o(.text)
    usmart_get_parmpos                       0x0800f5d9   Thumb Code    26  usmart_str.o(.text)
    usmart_get_fparam                        0x0800f5f3   Thumb Code   262  usmart_str.o(.text)
    Aux_Int                                  0x0800f705   Thumb Code    68  lora_app.o(.text)
    EXTI4_IRQHandler                         0x0800f749   Thumb Code   118  lora_app.o(.text)
    LoRa_Init                                0x0800f7bf   Thumb Code   280  lora_app.o(.text)
    LoRa_Set                                 0x0800f8d7   Thumb Code   286  lora_app.o(.text)
    LoRa_SendData                            0x0800f9f5   Thumb Code    54  lora_app.o(.text)
    LoRa_ReceData                            0x0800fa2b   Thumb Code   454  lora_app.o(.text)
    LoRa_Process                             0x0800fbf1   Thumb Code    62  lora_app.o(.text)
    Lora_Test                                0x0800fc2f   Thumb Code    16  lora_app.o(.text)
    lora_at_response                         0x0800fc4d   Thumb Code    46  lora_ui.o(.text)
    lora_check_cmd                           0x0800fc7b   Thumb Code    44  lora_ui.o(.text)
    lora_send_cmd                            0x0800fca7   Thumb Code   104  lora_ui.o(.text)
    chr2hex                                  0x0800fd0f   Thumb Code    54  lora_ui.o(.text)
    char2hex_buff                            0x0800fd45   Thumb Code    32  lora_ui.o(.text)
    hexbuff_num                              0x0800fd65   Thumb Code   182  lora_ui.o(.text)
    num_count                                0x0800fe1b   Thumb Code    26  lora_ui.o(.text)
    lora_load_keyboard                       0x0800fe35   Thumb Code   364  lora_ui.o(.text)
    lora_key_staset                          0x0800ffa1   Thumb Code   442  lora_ui.o(.text)
    lora_get_keynum                          0x0801015b   Thumb Code   230  lora_ui.o(.text)
    Menu_ui                                  0x08010241   Thumb Code   518  lora_ui.o(.text)
    Menu_cfg                                 0x08010447   Thumb Code   876  lora_ui.o(.text)
    Dire_Set                                 0x080107b3   Thumb Code  1030  lora_ui.o(.text)
    Process_ui                               0x08010bb9   Thumb Code   852  lora_ui.o(.text)
    __use_no_semihosting                     0x08010f11   Thumb Code     2  use_no_semi_2.o(.text)
    vsprintf                                 0x08010f15   Thumb Code    32  vsprintf.o(.text)
    __2printf                                0x08010f39   Thumb Code    20  __2printf.o(.text)
    __2sprintf                               0x08010f51   Thumb Code    38  __2sprintf.o(.text)
    _printf_pre_padding                      0x08010f7d   Thumb Code    44  _printf_pad.o(.text)
    _printf_post_padding                     0x08010fa9   Thumb Code    34  _printf_pad.o(.text)
    _printf_str                              0x08010fcb   Thumb Code    82  _printf_str.o(.text)
    _printf_int_dec                          0x0801101d   Thumb Code   104  _printf_dec.o(.text)
    _printf_longlong_hex                     0x08011095   Thumb Code    86  _printf_hex_int_ll_ptr.o(.text)
    _printf_int_hex                          0x080110eb   Thumb Code    28  _printf_hex_int_ll_ptr.o(.text)
    _printf_ll_hex                           0x08011107   Thumb Code    12  _printf_hex_int_ll_ptr.o(.text)
    _printf_hex_ptr                          0x08011113   Thumb Code    18  _printf_hex_int_ll_ptr.o(.text)
    __printf                                 0x08011129   Thumb Code   388  __printf_flags_ss_wp.o(.text)
    strstr                                   0x080112b1   Thumb Code    36  strstr.o(.text)
    strcpy                                   0x080112d5   Thumb Code    72  strcpy.o(.text)
    strlen                                   0x0801131d   Thumb Code    62  strlen.o(.text)
    __aeabi_memclr                           0x0801135b   Thumb Code     0  rt_memclr.o(.text)
    __rt_memclr                              0x0801135b   Thumb Code    68  rt_memclr.o(.text)
    _memset                                  0x0801135f   Thumb Code     0  rt_memclr.o(.text)
    strcmp                                   0x080113a1   Thumb Code   128  strcmpv7m.o(.text)
    __use_two_region_memory                  0x08011421   Thumb Code     2  heapauxi.o(.text)
    __rt_heap_escrow$2region                 0x08011423   Thumb Code     2  heapauxi.o(.text)
    __rt_heap_expand$2region                 0x08011425   Thumb Code     2  heapauxi.o(.text)
    __I$use$semihosting                      0x08011427   Thumb Code     0  use_no_semi.o(.text)
    __use_no_semihosting_swi                 0x08011427   Thumb Code     2  use_no_semi.o(.text)
    __read_errno                             0x08011429   Thumb Code    10  _rserrno.o(.text)
    __set_errno                              0x08011433   Thumb Code    12  _rserrno.o(.text)
    _printf_truncate_signed                  0x0801143f   Thumb Code    18  _printf_truncate.o(.text)
    _printf_truncate_unsigned                0x08011451   Thumb Code    18  _printf_truncate.o(.text)
    _printf_int_common                       0x08011463   Thumb Code   178  _printf_intcommon.o(.text)
    _printf_charcount                        0x08011515   Thumb Code    40  _printf_charcount.o(.text)
    _printf_char_common                      0x08011547   Thumb Code    32  _printf_char_common.o(.text)
    _sputc                                   0x0801156d   Thumb Code    10  _sputc.o(.text)
    _printf_cs_common                        0x08011577   Thumb Code    20  _printf_char.o(.text)
    _printf_char                             0x0801158b   Thumb Code    16  _printf_char.o(.text)
    _printf_string                           0x0801159b   Thumb Code     8  _printf_char.o(.text)
    _printf_char_file                        0x080115a5   Thumb Code    32  _printf_char_file.o(.text)
    _printf_wctomb                           0x080115c9   Thumb Code   182  _printf_wctomb.o(.text)
    _printf_longlong_dec                     0x08011685   Thumb Code   108  _printf_longlong_dec.o(.text)
    _printf_longlong_oct                     0x08011701   Thumb Code    68  _printf_oct_int_ll.o(.text)
    _printf_int_oct                          0x08011745   Thumb Code    24  _printf_oct_int_ll.o(.text)
    _printf_ll_oct                           0x0801175d   Thumb Code    12  _printf_oct_int_ll.o(.text)
    __aeabi_memclr4                          0x08011771   Thumb Code     0  rt_memclr_w.o(.text)
    __aeabi_memclr8                          0x08011771   Thumb Code     0  rt_memclr_w.o(.text)
    __rt_memclr_w                            0x08011771   Thumb Code    78  rt_memclr_w.o(.text)
    _memset_w                                0x08011775   Thumb Code     0  rt_memclr_w.o(.text)
    __aeabi_errno_addr                       0x080117c1   Thumb Code     8  rt_errno_addr_intlibspace.o(.text)
    __errno$intlibspace                      0x080117c1   Thumb Code     0  rt_errno_addr_intlibspace.o(.text)
    __rt_errno_addr$intlibspace              0x080117c1   Thumb Code     0  rt_errno_addr_intlibspace.o(.text)
    _ll_udiv10                               0x080117c9   Thumb Code   138  lludiv10.o(.text)
    __lib_sel_fp_printf                      0x08011853   Thumb Code     2  _printf_fp_dec.o(.text)
    _printf_fp_dec_real                      0x08011a01   Thumb Code   620  _printf_fp_dec.o(.text)
    _printf_fp_hex_real                      0x08011c6d   Thumb Code   754  _printf_fp_hex.o(.text)
    _printf_lcs_common                       0x08011f69   Thumb Code    20  _printf_wchar.o(.text)
    _printf_wchar                            0x08011f7d   Thumb Code    16  _printf_wchar.o(.text)
    _printf_wstring                          0x08011f8d   Thumb Code     8  _printf_wchar.o(.text)
    ferror                                   0x08011f95   Thumb Code     8  ferror.o(.text)
    _wcrtomb                                 0x08011f9d   Thumb Code    64  _wcrtomb.o(.text)
    __user_libspace                          0x08011fdd   Thumb Code     8  libspace.o(.text)
    __user_perproc_libspace                  0x08011fdd   Thumb Code     0  libspace.o(.text)
    __user_perthread_libspace                0x08011fdd   Thumb Code     0  libspace.o(.text)
    __user_setup_stackheap                   0x08011fe5   Thumb Code    74  sys_stackheap_outer.o(.text)
    __rt_ctype_table                         0x08012031   Thumb Code    16  rt_ctype_table.o(.text)
    __rt_locale                              0x08012041   Thumb Code     8  rt_locale_intlibspace.o(.text)
    _printf_fp_infnan                        0x08012049   Thumb Code   112  _printf_fp_infnan.o(.text)
    _btod_etento                             0x080120c9   Thumb Code   216  bigflt0.o(.text)
    exit                                     0x080121a5   Thumb Code    12  exit.o(.text)
    _btod_d2e                                0x080121b1   Thumb Code    62  btod.o(CL$$btod_d2e)
    _d2e_denorm_low                          0x080121ef   Thumb Code    70  btod.o(CL$$btod_d2e_denorm_low)
    _d2e_norm_op1                            0x08012235   Thumb Code    96  btod.o(CL$$btod_d2e_norm_op1)
    __btod_div_common                        0x08012295   Thumb Code   696  btod.o(CL$$btod_div_common)
    _e2e                                     0x080125cd   Thumb Code   198  btod.o(CL$$btod_e2e)
    _btod_ediv                               0x08012693   Thumb Code    40  btod.o(CL$$btod_ediv)
    _btod_emul                               0x080126bb   Thumb Code    40  btod.o(CL$$btod_emul)
    __btod_mult_common                       0x080126e3   Thumb Code   580  btod.o(CL$$btod_mult_common)
    __ARM_fpclassify                         0x08012927   Thumb Code    40  fpclassify.o(i.__ARM_fpclassify)
    _is_digit                                0x0801294f   Thumb Code    14  __printf_wp.o(i._is_digit)
    sqrt                                     0x0801295d   Thumb Code    76  sqrt.o(i.sqrt)
    _get_lc_numeric                          0x080129a9   Thumb Code    44  lc_numeric_c.o(locale$$code)
    _get_lc_ctype                            0x080129d5   Thumb Code    44  lc_ctype_c.o(locale$$code)
    __aeabi_dadd                             0x08012a01   Thumb Code     0  daddsub_clz.o(x$fpl$dadd)
    _dadd                                    0x08012a01   Thumb Code   332  daddsub_clz.o(x$fpl$dadd)
    __fpl_dcmp_Inf                           0x08012b51   Thumb Code    24  dcmpi.o(x$fpl$dcmpinf)
    __aeabi_d2uiz                            0x08012b69   Thumb Code     0  dfixu.o(x$fpl$dfixu)
    _dfixu                                   0x08012b69   Thumb Code    90  dfixu.o(x$fpl$dfixu)
    __aeabi_i2d                              0x08012bc3   Thumb Code     0  dflt_clz.o(x$fpl$dflt)
    _dflt                                    0x08012bc3   Thumb Code    46  dflt_clz.o(x$fpl$dflt)
    __aeabi_ui2d                             0x08012bf1   Thumb Code     0  dflt_clz.o(x$fpl$dfltu)
    _dfltu                                   0x08012bf1   Thumb Code    38  dflt_clz.o(x$fpl$dfltu)
    __aeabi_cdcmple                          0x08012c19   Thumb Code     0  dleqf.o(x$fpl$dleqf)
    _dcmple                                  0x08012c19   Thumb Code   120  dleqf.o(x$fpl$dleqf)
    __fpl_dcmple_InfNaN                      0x08012c7b   Thumb Code     0  dleqf.o(x$fpl$dleqf)
    __aeabi_dmul                             0x08012c91   Thumb Code     0  dmul.o(x$fpl$dmul)
    _dmul                                    0x08012c91   Thumb Code   332  dmul.o(x$fpl$dmul)
    __fpl_dnaninf                            0x08012de5   Thumb Code   156  dnaninf.o(x$fpl$dnaninf)
    __fpl_dretinf                            0x08012e81   Thumb Code    12  dretinf.o(x$fpl$dretinf)
    __aeabi_cdrcmple                         0x08012e8d   Thumb Code     0  drleqf.o(x$fpl$drleqf)
    _drcmple                                 0x08012e8d   Thumb Code   108  drleqf.o(x$fpl$drleqf)
    __aeabi_drsub                            0x08012ef9   Thumb Code     0  daddsub_clz.o(x$fpl$drsb)
    _drsb                                    0x08012ef9   Thumb Code    22  daddsub_clz.o(x$fpl$drsb)
    _dsqrt                                   0x08012f11   Thumb Code   456  dsqrt_noumaal.o(x$fpl$dsqrt)
    __aeabi_dsub                             0x080130dd   Thumb Code     0  daddsub_clz.o(x$fpl$dsub)
    _dsub                                    0x080130dd   Thumb Code   464  daddsub_clz.o(x$fpl$dsub)
    __aeabi_f2d                              0x080132b1   Thumb Code     0  f2d.o(x$fpl$f2d)
    _f2d                                     0x080132b1   Thumb Code    86  f2d.o(x$fpl$f2d)
    __aeabi_fadd                             0x08013309   Thumb Code     0  faddsub_clz.o(x$fpl$fadd)
    _fadd                                    0x08013309   Thumb Code   196  faddsub_clz.o(x$fpl$fadd)
    __fpl_fcmp_Inf                           0x080133cd   Thumb Code    24  fcmpi.o(x$fpl$fcmpinf)
    __aeabi_fdiv                             0x080133e5   Thumb Code     0  fdiv.o(x$fpl$fdiv)
    _fdiv                                    0x080133e5   Thumb Code   384  fdiv.o(x$fpl$fdiv)
    __aeabi_cfcmpeq                          0x08013569   Thumb Code     0  feqf.o(x$fpl$feqf)
    _fcmpeq                                  0x08013569   Thumb Code   104  feqf.o(x$fpl$feqf)
    __aeabi_f2iz                             0x080135d1   Thumb Code     0  ffix.o(x$fpl$ffix)
    _ffix                                    0x080135d1   Thumb Code    54  ffix.o(x$fpl$ffix)
    __aeabi_f2uiz                            0x08013609   Thumb Code     0  ffixu.o(x$fpl$ffixu)
    _ffixu                                   0x08013609   Thumb Code    62  ffixu.o(x$fpl$ffixu)
    __aeabi_i2f                              0x08013649   Thumb Code     0  fflt_clz.o(x$fpl$fflt)
    _fflt                                    0x08013649   Thumb Code    48  fflt_clz.o(x$fpl$fflt)
    __aeabi_ui2f                             0x08013679   Thumb Code     0  fflt_clz.o(x$fpl$ffltu)
    _ffltu                                   0x08013679   Thumb Code    38  fflt_clz.o(x$fpl$ffltu)
    __aeabi_fmul                             0x080136a1   Thumb Code     0  fmul.o(x$fpl$fmul)
    _fmul                                    0x080136a1   Thumb Code   258  fmul.o(x$fpl$fmul)
    __fpl_fnaninf                            0x080137a3   Thumb Code   140  fnaninf.o(x$fpl$fnaninf)
    __fpl_fretinf                            0x0801382f   Thumb Code    10  fretinf.o(x$fpl$fretinf)
    __aeabi_fsub                             0x08013839   Thumb Code     0  faddsub_clz.o(x$fpl$fsub)
    _fsub                                    0x08013839   Thumb Code   234  faddsub_clz.o(x$fpl$fsub)
    _printf_fp_dec                           0x08013923   Thumb Code     4  printf1.o(x$fpl$printf1)
    _printf_fp_hex                           0x08013927   Thumb Code     4  printf2.o(x$fpl$printf2)
    __I$use$fp                               0x0801392a   Number         0  usenofp.o(x$fpl$usenofp)
    asc2_1206                                0x0801392a   Data        1140  lcd.o(.constdata)
    asc2_1608                                0x08013d9e   Data        1520  lcd.o(.constdata)
    asc2_2412                                0x0801438e   Data        3420  lcd.o(.constdata)
    TP_ADJDIS_TBL                            0x080150ea   Data          12  touch.o(.constdata)
    OTT_TPX_TBL                              0x080150f6   Data          10  ott2001a.o(.constdata)
    Region$$Table$$Base                      0x080158c8   Number         0  anon$$obj.o(Region$$Table)
    Region$$Table$$Limit                     0x080158e8   Number         0  anon$$obj.o(Region$$Table)
    __ctype                                  0x08015911   Data           0  lc_ctype_c.o(locale$$data)
    SystemCoreClock                          0x20000000   Data           4  system_stm32f10x.o(.data)
    AHBPrescTable                            0x20000004   Data          16  system_stm32f10x.o(.data)
    POINT_COLOR                              0x20000016   Data           2  lcd.o(.data)
    BACK_COLOR                               0x20000018   Data           2  lcd.o(.data)
    SPI_FLASH_TYPE                           0x2000001a   Data           2  flash.o(.data)
    SD_Type                                  0x2000001c   Data           1  mmc_sd.o(.data)
    tp_dev                                   0x20000020   Data          52  touch.o(.data)
    CMD_RDX                                  0x20000054   Data           1  touch.o(.data)
    CMD_RDY                                  0x20000055   Data           1  touch.o(.data)
    TP_REMIND_MSG_TBL                        0x20000058   Data           4  touch.o(.data)
    USART2_RX_STA                            0x20000060   Data           2  usart2.o(.data)
    __stdout                                 0x2000006c   Data           4  usart.o(.data)
    USART_RX_STA                             0x20000070   Data           2  usart.o(.data)
    mallco_dev                               0x20000088   Data          20  malloc.o(.data)
    FILE_TYPE_TBL                            0x2000009c   Data         312  exfuns.o(.data)
    fs                                       0x200001d4   Data           8  exfuns.o(.data)
    file                                     0x200001dc   Data           4  exfuns.o(.data)
    ftemp                                    0x200001e0   Data           4  exfuns.o(.data)
    br                                       0x200001e4   Data           4  exfuns.o(.data)
    bw                                       0x200001e8   Data           4  exfuns.o(.data)
    fatbuf                                   0x200001ec   Data           4  exfuns.o(.data)
    FLASH_SECTOR_COUNT                       0x200001f0   Data           2  diskio.o(.data)
    GBK24_PATH                               0x20000200   Data           4  fontupd.o(.data)
    GBK16_PATH                               0x20000204   Data           4  fontupd.o(.data)
    GBK12_PATH                               0x20000208   Data           4  fontupd.o(.data)
    UNIGBK_PATH                              0x2000020c   Data           4  fontupd.o(.data)
    sys_cmd_tab                              0x20000210   Data          28  usmart.o(.data)
    usmart_nametab                           0x2000022c   Data          32  usmart_config.o(.data)
    usmart_dev                               0x2000024c   Data         244  usmart_config.o(.data)
    LoRa_CFG                                 0x20000340   Data          10  lora_app.o(.data)
    EXTI_InitStructure                       0x2000034c   Data           8  lora_app.o(.data)
    NVIC_InitStructure                       0x20000354   Data           4  lora_app.o(.data)
    Lora_mode                                0x20000358   Data           1  lora_app.o(.data)
    Dire_Date                                0x2000035a   Data           5  lora_app.o(.data)
    kbd_tbl1                                 0x20000364   Data          44  lora_ui.o(.data)
    kbd_tbl                                  0x20000390   Data           4  lora_ui.o(.data)
    kbd_fn_tbl                               0x20000394   Data           8  lora_ui.o(.data)
    cnttbl_mode                              0x200003a0   Data          12  lora_ui.o(.data)
    cnttbl_sta                               0x200003ac   Data           8  lora_ui.o(.data)
    cnttbl_power                             0x200003b4   Data          16  lora_ui.o(.data)
    cnttbl_rate                              0x200003c4   Data          24  lora_ui.o(.data)
    obj_addr                                 0x200003dc   Data           4  lora_ui.o(.data)
    obj_chn                                  0x200003e0   Data           1  lora_ui.o(.data)
    set_mode                                 0x200003e4   Data           8  lora_ui.o(.data)
    callbuf                                  0x200003ec   Data           5  lora_ui.o(.data)
    lcddev                                   0x200003f4   Data          14  lcd.o(.bss)
    SPI_InitStructure                        0x20000402   Data          18  spi.o(.bss)
    USART2_TX_BUF                            0x20000418   Data         600  usart2.o(.bss)
    USART2_RX_BUF                            0x20000670   Data        1024  usart2.o(.bss)
    USART_InitStructure                      0x20000a70   Data          16  usart2.o(.bss)
    USART_RX_BUF                             0x20000a80   Data         200  usart.o(.bss)
    membase                                  0x20000b48   Data       35840  malloc.o(.bss)
    memmapbase                               0x20009748   Data        2240  malloc.o(.bss)
    ftinfo                                   0x2000a008   Data          33  fontupd.o(.bss)
    date                                     0x2000a029   Data          30  lora_app.o(.bss)
    Tran_Data                                0x2000a047   Data          30  lora_app.o(.bss)
    wlcd_buff                                0x2000a065   Data          10  lora_app.o(.bss)
    rlcd_buff                                0x2000a06f   Data          10  lora_app.o(.bss)
    __libspace_start                         0x2000a07c   Data          96  libspace.o(.bss)
    __temporary_stack_top$libspace           0x2000a0dc   Data           0  libspace.o(.bss)



==============================================================================

Memory Map of the image

  Image Entry point : 0x08000131

  Load Region LR_IROM1 (Base: 0x08000000, Size: 0x00015e08, Max: 0x00040000, ABSOLUTE, COMPRESSED[0x00015b6c])

    Execution Region ER_IROM1 (Base: 0x08000000, Size: 0x00015a14, Max: 0x00040000, ABSOLUTE)

    Base Addr    Size         Type   Attr      Idx    E Section Name        Object

    0x08000000   0x00000130   Data   RO          478    RESET               startup_stm32f10x_hd.o
    0x08000130   0x00000008   Code   RO          904  * !!!main             c_w.l(__main.o)
    0x08000138   0x00000034   Code   RO         1256    !!!scatter          c_w.l(__scatter.o)
    0x0800016c   0x0000005a   Code   RO         1254    !!dczerorl2         c_w.l(__dczerorl2.o)
    0x080001c6   0x00000002   PAD
    0x080001c8   0x0000001c   Code   RO         1258    !!handler_zi        c_w.l(__scatter_zi.o)
    0x080001e4   0x00000000   Code   RO          891    .ARM.Collect$$_printf_percent$$00000000  c_w.l(_printf_percent.o)
    0x080001e4   0x00000006   Code   RO          996    .ARM.Collect$$_printf_percent$$00000001  c_w.l(_printf_n.o)
    0x080001ea   0x00000006   Code   RO          997    .ARM.Collect$$_printf_percent$$00000002  c_w.l(_printf_p.o)
    0x080001f0   0x00000006   Code   RO         1000    .ARM.Collect$$_printf_percent$$00000003  c_w.l(_printf_f.o)
    0x080001f6   0x00000006   Code   RO         1001    .ARM.Collect$$_printf_percent$$00000004  c_w.l(_printf_e.o)
    0x080001fc   0x00000006   Code   RO         1002    .ARM.Collect$$_printf_percent$$00000005  c_w.l(_printf_g.o)
    0x08000202   0x00000006   Code   RO         1003    .ARM.Collect$$_printf_percent$$00000006  c_w.l(_printf_a.o)
    0x08000208   0x0000000a   Code   RO         1008    .ARM.Collect$$_printf_percent$$00000007  c_w.l(_printf_ll.o)
    0x08000212   0x00000006   Code   RO          999    .ARM.Collect$$_printf_percent$$00000008  c_w.l(_printf_i.o)
    0x08000218   0x00000006   Code   RO          889    .ARM.Collect$$_printf_percent$$00000009  c_w.l(_printf_d.o)
    0x0800021e   0x00000006   Code   RO          890    .ARM.Collect$$_printf_percent$$0000000A  c_w.l(_printf_u.o)
    0x08000224   0x00000006   Code   RO          998    .ARM.Collect$$_printf_percent$$0000000B  c_w.l(_printf_o.o)
    0x0800022a   0x00000006   Code   RO          888    .ARM.Collect$$_printf_percent$$0000000C  c_w.l(_printf_x.o)
    0x08000230   0x00000006   Code   RO         1005    .ARM.Collect$$_printf_percent$$0000000D  c_w.l(_printf_lli.o)
    0x08000236   0x00000006   Code   RO         1006    .ARM.Collect$$_printf_percent$$0000000E  c_w.l(_printf_lld.o)
    0x0800023c   0x00000006   Code   RO         1007    .ARM.Collect$$_printf_percent$$0000000F  c_w.l(_printf_llu.o)
    0x08000242   0x00000006   Code   RO         1012    .ARM.Collect$$_printf_percent$$00000010  c_w.l(_printf_llo.o)
    0x08000248   0x00000006   Code   RO         1013    .ARM.Collect$$_printf_percent$$00000011  c_w.l(_printf_llx.o)
    0x0800024e   0x0000000a   Code   RO         1009    .ARM.Collect$$_printf_percent$$00000012  c_w.l(_printf_l.o)
    0x08000258   0x00000006   Code   RO          886    .ARM.Collect$$_printf_percent$$00000013  c_w.l(_printf_c.o)
    0x0800025e   0x00000006   Code   RO          887    .ARM.Collect$$_printf_percent$$00000014  c_w.l(_printf_s.o)
    0x08000264   0x00000006   Code   RO         1010    .ARM.Collect$$_printf_percent$$00000015  c_w.l(_printf_lc.o)
    0x0800026a   0x00000006   Code   RO         1011    .ARM.Collect$$_printf_percent$$00000016  c_w.l(_printf_ls.o)
    0x08000270   0x00000004   Code   RO         1004    .ARM.Collect$$_printf_percent$$00000017  c_w.l(_printf_percent_end.o)
    0x08000274   0x00000002   Code   RO         1125    .ARM.Collect$$libinit$$00000000  c_w.l(libinit.o)
    0x08000276   0x00000000   Code   RO         1136    .ARM.Collect$$libinit$$00000002  c_w.l(libinit2.o)
    0x08000276   0x00000000   Code   RO         1138    .ARM.Collect$$libinit$$00000004  c_w.l(libinit2.o)
    0x08000276   0x00000000   Code   RO         1141    .ARM.Collect$$libinit$$0000000A  c_w.l(libinit2.o)
    0x08000276   0x00000000   Code   RO         1143    .ARM.Collect$$libinit$$0000000C  c_w.l(libinit2.o)
    0x08000276   0x00000000   Code   RO         1145    .ARM.Collect$$libinit$$0000000E  c_w.l(libinit2.o)
    0x08000276   0x00000006   Code   RO         1146    .ARM.Collect$$libinit$$0000000F  c_w.l(libinit2.o)
    0x0800027c   0x00000000   Code   RO         1148    .ARM.Collect$$libinit$$00000011  c_w.l(libinit2.o)
    0x0800027c   0x0000000c   Code   RO         1149    .ARM.Collect$$libinit$$00000012  c_w.l(libinit2.o)
    0x08000288   0x00000000   Code   RO         1150    .ARM.Collect$$libinit$$00000013  c_w.l(libinit2.o)
    0x08000288   0x00000000   Code   RO         1152    .ARM.Collect$$libinit$$00000015  c_w.l(libinit2.o)
    0x08000288   0x0000000a   Code   RO         1153    .ARM.Collect$$libinit$$00000016  c_w.l(libinit2.o)
    0x08000292   0x00000000   Code   RO         1154    .ARM.Collect$$libinit$$00000017  c_w.l(libinit2.o)
    0x08000292   0x00000000   Code   RO         1156    .ARM.Collect$$libinit$$00000019  c_w.l(libinit2.o)
    0x08000292   0x00000000   Code   RO         1158    .ARM.Collect$$libinit$$0000001B  c_w.l(libinit2.o)
    0x08000292   0x00000000   Code   RO         1160    .ARM.Collect$$libinit$$0000001D  c_w.l(libinit2.o)
    0x08000292   0x00000000   Code   RO         1162    .ARM.Collect$$libinit$$0000001F  c_w.l(libinit2.o)
    0x08000292   0x00000000   Code   RO         1164    .ARM.Collect$$libinit$$00000021  c_w.l(libinit2.o)
    0x08000292   0x00000000   Code   RO         1166    .ARM.Collect$$libinit$$00000023  c_w.l(libinit2.o)
    0x08000292   0x00000000   Code   RO         1168    .ARM.Collect$$libinit$$00000025  c_w.l(libinit2.o)
    0x08000292   0x00000000   Code   RO         1172    .ARM.Collect$$libinit$$0000002C  c_w.l(libinit2.o)
    0x08000292   0x00000000   Code   RO         1174    .ARM.Collect$$libinit$$0000002E  c_w.l(libinit2.o)
    0x08000292   0x00000000   Code   RO         1176    .ARM.Collect$$libinit$$00000030  c_w.l(libinit2.o)
    0x08000292   0x00000000   Code   RO         1178    .ARM.Collect$$libinit$$00000032  c_w.l(libinit2.o)
    0x08000292   0x00000002   Code   RO         1179    .ARM.Collect$$libinit$$00000033  c_w.l(libinit2.o)
    0x08000294   0x00000002   Code   RO         1197    .ARM.Collect$$libshutdown$$00000000  c_w.l(libshutdown.o)
    0x08000296   0x00000000   Code   RO         1208    .ARM.Collect$$libshutdown$$00000003  c_w.l(libshutdown2.o)
    0x08000296   0x00000000   Code   RO         1211    .ARM.Collect$$libshutdown$$00000006  c_w.l(libshutdown2.o)
    0x08000296   0x00000000   Code   RO         1214    .ARM.Collect$$libshutdown$$00000009  c_w.l(libshutdown2.o)
    0x08000296   0x00000000   Code   RO         1216    .ARM.Collect$$libshutdown$$0000000B  c_w.l(libshutdown2.o)
    0x08000296   0x00000000   Code   RO         1219    .ARM.Collect$$libshutdown$$0000000E  c_w.l(libshutdown2.o)
    0x08000296   0x00000002   Code   RO         1220    .ARM.Collect$$libshutdown$$0000000F  c_w.l(libshutdown2.o)
    0x08000298   0x00000000   Code   RO          968    .ARM.Collect$$rtentry$$00000000  c_w.l(__rtentry.o)
    0x08000298   0x00000000   Code   RO         1040    .ARM.Collect$$rtentry$$00000002  c_w.l(__rtentry2.o)
    0x08000298   0x00000006   Code   RO         1052    .ARM.Collect$$rtentry$$00000004  c_w.l(__rtentry4.o)
    0x0800029e   0x00000000   Code   RO         1042    .ARM.Collect$$rtentry$$00000009  c_w.l(__rtentry2.o)
    0x0800029e   0x00000004   Code   RO         1043    .ARM.Collect$$rtentry$$0000000A  c_w.l(__rtentry2.o)
    0x080002a2   0x00000000   Code   RO         1045    .ARM.Collect$$rtentry$$0000000C  c_w.l(__rtentry2.o)
    0x080002a2   0x00000008   Code   RO         1046    .ARM.Collect$$rtentry$$0000000D  c_w.l(__rtentry2.o)
    0x080002aa   0x00000002   Code   RO         1130    .ARM.Collect$$rtexit$$00000000  c_w.l(rtexit.o)
    0x080002ac   0x00000000   Code   RO         1181    .ARM.Collect$$rtexit$$00000002  c_w.l(rtexit2.o)
    0x080002ac   0x00000004   Code   RO         1182    .ARM.Collect$$rtexit$$00000003  c_w.l(rtexit2.o)
    0x080002b0   0x00000006   Code   RO         1183    .ARM.Collect$$rtexit$$00000004  c_w.l(rtexit2.o)
    0x080002b6   0x00000002   PAD
    0x080002b8   0x000001fc   Code   RO            1    .text               main.o
    0x080004b4   0x0000001a   Code   RO          136    .text               stm32f10x_it.o
    0x080004ce   0x00000002   PAD
    0x080004d0   0x000001e0   Code   RO          171    .text               system_stm32f10x.o
    0x080006b0   0x00000050   Code   RO          189    .text               led.o
    0x08000700   0x000000fc   Code   RO          201    .text               key.o
    0x080007fc   0x000058ac   Code   RO          214    .text               lcd.o
    0x080060a8   0x000000e8   Code   RO          244    .text               spi.o
    0x08006190   0x000003c0   Code   RO          262    .text               flash.o
    0x08006550   0x00000524   Code   RO          284    .text               mmc_sd.o
    0x08006a74   0x00000258   Code   RO          302    .text               myiic.o
    0x08006ccc   0x0000017a   Code   RO          317    .text               24cxx.o
    0x08006e46   0x00000002   PAD
    0x08006e48   0x00000c04   Code   RO          332    .text               touch.o
    0x08007a4c   0x0000024c   Code   RO          356    .text               ctiic.o
    0x08007c98   0x00000370   Code   RO          371    .text               ott2001a.o
    0x08008008   0x00000390   Code   RO          387    .text               usart2.o
    0x08008398   0x000000d4   Code   RO          416    .text               delay.o
    0x0800846c   0x0000000c   Code   RO          430    .text               sys.o
    0x08008478   0x00000144   Code   RO          442    .text               usart.o
    0x080085bc   0x00000040   Code   RO          479    .text               startup_stm32f10x_hd.o
    0x080085fc   0x0000035c   Code   RO          483    .text               stm32f10x_gpio.o
    0x08008958   0x000003a4   Code   RO          495    .text               stm32f10x_rcc.o
    0x08008cfc   0x00000408   Code   RO          509    .text               stm32f10x_usart.o
    0x08009104   0x000000dc   Code   RO          521    .text               misc.o
    0x080091e0   0x0000030c   Code   RO          533    .text               stm32f10x_spi.o
    0x080094ec   0x00000e1a   Code   RO          545    .text               stm32f10x_tim.o
    0x0800a306   0x00000002   PAD
    0x0800a308   0x00000254   Code   RO          557    .text               stm32f10x_dma.o
    0x0800a55c   0x0000011c   Code   RO          569    .text               stm32f10x_exti.o
    0x0800a678   0x000001a0   Code   RO          581    .text               malloc.o
    0x0800a818   0x00000198   Code   RO          601    .text               exfuns.o
    0x0800a9b0   0x00000204   Code   RO          654    .text               diskio.o
    0x0800abb4   0x00003296   Code   RO          676    .text               ff.o
    0x0800de4a   0x00000002   PAD
    0x0800de4c   0x000000cc   Code   RO          691    .text               mycc936.o
    0x0800df18   0x000003c4   Code   RO          704    .text               fontupd.o
    0x0800e2dc   0x000002d4   Code   RO          725    .text               text.o
    0x0800e5b0   0x00000c2c   Code   RO          740    .text               usmart.o
    0x0800f1dc   0x00000528   Code   RO          769    .text               usmart_str.o
    0x0800f704   0x00000548   Code   RO          781    .text               lora_app.o
    0x0800fc4c   0x000012c4   Code   RO          807    .text               lora_ui.o
    0x08010f10   0x00000002   Code   RO          825    .text               c_w.l(use_no_semi_2.o)
    0x08010f12   0x00000002   PAD
    0x08010f14   0x00000024   Code   RO          827    .text               c_w.l(vsprintf.o)
    0x08010f38   0x00000018   Code   RO          829    .text               c_w.l(__2printf.o)
    0x08010f50   0x0000002c   Code   RO          831    .text               c_w.l(__2sprintf.o)
    0x08010f7c   0x0000004e   Code   RO          839    .text               c_w.l(_printf_pad.o)
    0x08010fca   0x00000052   Code   RO          841    .text               c_w.l(_printf_str.o)
    0x0801101c   0x00000078   Code   RO          843    .text               c_w.l(_printf_dec.o)
    0x08011094   0x00000094   Code   RO          863    .text               c_w.l(_printf_hex_int_ll_ptr.o)
    0x08011128   0x00000188   Code   RO          883    .text               c_w.l(__printf_flags_ss_wp.o)
    0x080112b0   0x00000024   Code   RO          892    .text               c_w.l(strstr.o)
    0x080112d4   0x00000048   Code   RO          894    .text               c_w.l(strcpy.o)
    0x0801131c   0x0000003e   Code   RO          896    .text               c_w.l(strlen.o)
    0x0801135a   0x00000044   Code   RO          898    .text               c_w.l(rt_memclr.o)
    0x0801139e   0x00000002   PAD
    0x080113a0   0x00000080   Code   RO          900    .text               c_w.l(strcmpv7m.o)
    0x08011420   0x00000006   Code   RO          902    .text               c_w.l(heapauxi.o)
    0x08011426   0x00000002   Code   RO          966    .text               c_w.l(use_no_semi.o)
    0x08011428   0x00000016   Code   RO          969    .text               c_w.l(_rserrno.o)
    0x0801143e   0x00000024   Code   RO          971    .text               c_w.l(_printf_truncate.o)
    0x08011462   0x000000b2   Code   RO          973    .text               c_w.l(_printf_intcommon.o)
    0x08011514   0x00000028   Code   RO          975    .text               c_w.l(_printf_charcount.o)
    0x0801153c   0x00000030   Code   RO          977    .text               c_w.l(_printf_char_common.o)
    0x0801156c   0x0000000a   Code   RO          979    .text               c_w.l(_sputc.o)
    0x08011576   0x0000002c   Code   RO          981    .text               c_w.l(_printf_char.o)
    0x080115a2   0x00000002   PAD
    0x080115a4   0x00000024   Code   RO          983    .text               c_w.l(_printf_char_file.o)
    0x080115c8   0x000000bc   Code   RO          985    .text               c_w.l(_printf_wctomb.o)
    0x08011684   0x0000007c   Code   RO          988    .text               c_w.l(_printf_longlong_dec.o)
    0x08011700   0x00000070   Code   RO          994    .text               c_w.l(_printf_oct_int_ll.o)
    0x08011770   0x0000004e   Code   RO         1014    .text               c_w.l(rt_memclr_w.o)
    0x080117be   0x00000002   PAD
    0x080117c0   0x00000008   Code   RO         1057    .text               c_w.l(rt_errno_addr_intlibspace.o)
    0x080117c8   0x0000008a   Code   RO         1059    .text               c_w.l(lludiv10.o)
    0x08011852   0x0000041a   Code   RO         1061    .text               c_w.l(_printf_fp_dec.o)
    0x08011c6c   0x000002fc   Code   RO         1063    .text               c_w.l(_printf_fp_hex.o)
    0x08011f68   0x0000002c   Code   RO         1068    .text               c_w.l(_printf_wchar.o)
    0x08011f94   0x00000008   Code   RO         1070    .text               c_w.l(ferror.o)
    0x08011f9c   0x00000040   Code   RO         1074    .text               c_w.l(_wcrtomb.o)
    0x08011fdc   0x00000008   Code   RO         1076    .text               c_w.l(libspace.o)
    0x08011fe4   0x0000004a   Code   RO         1079    .text               c_w.l(sys_stackheap_outer.o)
    0x0801202e   0x00000002   PAD
    0x08012030   0x00000010   Code   RO         1081    .text               c_w.l(rt_ctype_table.o)
    0x08012040   0x00000008   Code   RO         1086    .text               c_w.l(rt_locale_intlibspace.o)
    0x08012048   0x00000080   Code   RO         1088    .text               c_w.l(_printf_fp_infnan.o)
    0x080120c8   0x000000dc   Code   RO         1090    .text               c_w.l(bigflt0.o)
    0x080121a4   0x0000000c   Code   RO         1118    .text               c_w.l(exit.o)
    0x080121b0   0x0000003e   Code   RO         1093    CL$$btod_d2e        c_w.l(btod.o)
    0x080121ee   0x00000046   Code   RO         1095    CL$$btod_d2e_denorm_low  c_w.l(btod.o)
    0x08012234   0x00000060   Code   RO         1094    CL$$btod_d2e_norm_op1  c_w.l(btod.o)
    0x08012294   0x00000338   Code   RO         1103    CL$$btod_div_common  c_w.l(btod.o)
    0x080125cc   0x000000c6   Code   RO         1100    CL$$btod_e2e        c_w.l(btod.o)
    0x08012692   0x00000028   Code   RO         1097    CL$$btod_ediv       c_w.l(btod.o)
    0x080126ba   0x00000028   Code   RO         1096    CL$$btod_emul       c_w.l(btod.o)
    0x080126e2   0x00000244   Code   RO         1102    CL$$btod_mult_common  c_w.l(btod.o)
    0x08012926   0x00000028   Code   RO         1128    i.__ARM_fpclassify  m_ws.l(fpclassify.o)
    0x0801294e   0x0000000e   Code   RO          876    i._is_digit         c_w.l(__printf_wp.o)
    0x0801295c   0x0000004c   Code   RO          959    i.sqrt              m_ws.l(sqrt.o)
    0x080129a8   0x0000002c   Code   RO         1116    locale$$code        c_w.l(lc_numeric_c.o)
    0x080129d4   0x0000002c   Code   RO         1133    locale$$code        c_w.l(lc_ctype_c.o)
    0x08012a00   0x00000150   Code   RO          906    x$fpl$dadd          fz_ws.l(daddsub_clz.o)
    0x08012b50   0x00000018   Code   RO         1016    x$fpl$dcmpinf       fz_ws.l(dcmpi.o)
    0x08012b68   0x0000005a   Code   RO          912    x$fpl$dfixu         fz_ws.l(dfixu.o)
    0x08012bc2   0x0000002e   Code   RO          917    x$fpl$dflt          fz_ws.l(dflt_clz.o)
    0x08012bf0   0x00000026   Code   RO          916    x$fpl$dfltu         fz_ws.l(dflt_clz.o)
    0x08012c16   0x00000002   PAD
    0x08012c18   0x00000078   Code   RO          922    x$fpl$dleqf         fz_ws.l(dleqf.o)
    0x08012c90   0x00000154   Code   RO          924    x$fpl$dmul          fz_ws.l(dmul.o)
    0x08012de4   0x0000009c   Code   RO         1018    x$fpl$dnaninf       fz_ws.l(dnaninf.o)
    0x08012e80   0x0000000c   Code   RO         1020    x$fpl$dretinf       fz_ws.l(dretinf.o)
    0x08012e8c   0x0000006c   Code   RO          926    x$fpl$drleqf        fz_ws.l(drleqf.o)
    0x08012ef8   0x00000016   Code   RO          907    x$fpl$drsb          fz_ws.l(daddsub_clz.o)
    0x08012f0e   0x00000002   PAD
    0x08012f10   0x000001cc   Code   RO         1022    x$fpl$dsqrt         fz_ws.l(dsqrt_noumaal.o)
    0x080130dc   0x000001d4   Code   RO          908    x$fpl$dsub          fz_ws.l(daddsub_clz.o)
    0x080132b0   0x00000056   Code   RO          928    x$fpl$f2d           fz_ws.l(f2d.o)
    0x08013306   0x00000002   PAD
    0x08013308   0x000000c4   Code   RO          930    x$fpl$fadd          fz_ws.l(faddsub_clz.o)
    0x080133cc   0x00000018   Code   RO         1024    x$fpl$fcmpinf       fz_ws.l(fcmpi.o)
    0x080133e4   0x00000184   Code   RO          937    x$fpl$fdiv          fz_ws.l(fdiv.o)
    0x08013568   0x00000068   Code   RO          940    x$fpl$feqf          fz_ws.l(feqf.o)
    0x080135d0   0x00000036   Code   RO          942    x$fpl$ffix          fz_ws.l(ffix.o)
    0x08013606   0x00000002   PAD
    0x08013608   0x0000003e   Code   RO          946    x$fpl$ffixu         fz_ws.l(ffixu.o)
    0x08013646   0x00000002   PAD
    0x08013648   0x00000030   Code   RO          951    x$fpl$fflt          fz_ws.l(fflt_clz.o)
    0x08013678   0x00000026   Code   RO          950    x$fpl$ffltu         fz_ws.l(fflt_clz.o)
    0x0801369e   0x00000002   PAD
    0x080136a0   0x00000102   Code   RO          956    x$fpl$fmul          fz_ws.l(fmul.o)
    0x080137a2   0x0000008c   Code   RO         1026    x$fpl$fnaninf       fz_ws.l(fnaninf.o)
    0x0801382e   0x0000000a   Code   RO         1028    x$fpl$fretinf       fz_ws.l(fretinf.o)
    0x08013838   0x000000ea   Code   RO          932    x$fpl$fsub          fz_ws.l(faddsub_clz.o)
    0x08013922   0x00000004   Code   RO         1030    x$fpl$printf1       fz_ws.l(printf1.o)
    0x08013926   0x00000004   Code   RO         1032    x$fpl$printf2       fz_ws.l(printf2.o)
    0x0801392a   0x00000000   Code   RO         1038    x$fpl$usenofp       fz_ws.l(usenofp.o)
    0x0801392a   0x000017c0   Data   RO          216    .constdata          lcd.o
    0x080150ea   0x0000000c   Data   RO          333    .constdata          touch.o
    0x080150f6   0x0000000a   Data   RO          372    .constdata          ott2001a.o
    0x08015100   0x0000003a   Data   RO          677    .constdata          ff.o
    0x0801513a   0x000003c0   Data   RO          692    .constdata          mycc936.o
    0x080154fa   0x00000028   Data   RO          864    .constdata          c_w.l(_printf_hex_int_ll_ptr.o)
    0x08015522   0x00000011   Data   RO          884    .constdata          c_w.l(__printf_flags_ss_wp.o)
    0x08015533   0x00000001   PAD
    0x08015534   0x00000008   Data   RO          986    .constdata          c_w.l(_printf_wctomb.o)
    0x0801553c   0x00000026   Data   RO         1064    .constdata          c_w.l(_printf_fp_hex.o)
    0x08015562   0x00000002   PAD
    0x08015564   0x00000094   Data   RO         1091    .constdata          c_w.l(bigflt0.o)
    0x080155f8   0x00000079   Data   RO          334    .conststring        touch.o
    0x08015671   0x00000003   PAD
    0x08015674   0x00000064   Data   RO          603    .conststring        exfuns.o
    0x080156d8   0x0000006d   Data   RO          706    .conststring        fontupd.o
    0x08015745   0x00000003   PAD
    0x08015748   0x00000028   Data   RO          741    .conststring        usmart.o
    0x08015770   0x0000006b   Data   RO          756    .conststring        usmart_config.o
    0x080157db   0x00000001   PAD
    0x080157dc   0x000000e9   Data   RO          808    .conststring        lora_ui.o
    0x080158c5   0x00000003   PAD
    0x080158c8   0x00000020   Data   RO         1252    Region$$Table       anon$$obj.o
    0x080158e8   0x0000001c   Data   RO         1115    locale$$data        c_w.l(lc_numeric_c.o)
    0x08015904   0x00000110   Data   RO         1132    locale$$data        c_w.l(lc_ctype_c.o)


    Execution Region RW_IRAM1 (Base: 0x20000000, Size: 0x0000a6e0, Max: 0x0000c000, ABSOLUTE, COMPRESSED[0x00000158])

    Base Addr    Size         Type   Attr      Idx    E Section Name        Object

    0x20000000   0x00000014   Data   RW          172    .data               system_stm32f10x.o
    0x20000014   0x00000001   Data   RW          202    .data               key.o
    0x20000015   0x00000001   PAD
    0x20000016   0x00000004   Data   RW          217    .data               lcd.o
    0x2000001a   0x00000002   Data   RW          263    .data               flash.o
    0x2000001c   0x00000001   Data   RW          285    .data               mmc_sd.o
    0x2000001d   0x00000003   PAD
    0x20000020   0x0000003c   Data   RW          335    .data               touch.o
    0x2000005c   0x00000001   Data   RW          373    .data               ott2001a.o
    0x2000005d   0x00000003   PAD
    0x20000060   0x00000008   Data   RW          389    .data               usart2.o
    0x20000068   0x00000004   Data   RW          417    .data               delay.o
    0x2000006c   0x00000006   Data   RW          444    .data               usart.o
    0x20000072   0x00000014   Data   RW          496    .data               stm32f10x_rcc.o
    0x20000086   0x00000002   PAD
    0x20000088   0x00000014   Data   RW          584    .data               malloc.o
    0x2000009c   0x00000154   Data   RW          604    .data               exfuns.o
    0x200001f0   0x00000002   Data   RW          655    .data               diskio.o
    0x200001f2   0x00000002   PAD
    0x200001f4   0x0000000a   Data   RW          678    .data               ff.o
    0x200001fe   0x00000002   PAD
    0x20000200   0x00000010   Data   RW          707    .data               fontupd.o
    0x20000210   0x0000001c   Data   RW          742    .data               usmart.o
    0x2000022c   0x00000114   Data   RW          757    .data               usmart_config.o
    0x20000340   0x00000021   Data   RW          783    .data               lora_app.o
    0x20000361   0x00000003   PAD
    0x20000364   0x0000008d   Data   RW          809    .data               lora_ui.o
    0x200003f1   0x00000003   PAD
    0x200003f4   0x0000000e   Zero   RW          215    .bss                lcd.o
    0x20000402   0x00000012   Zero   RW          245    .bss                spi.o
    0x20000414   0x00000004   PAD
    0x20000418   0x00000668   Zero   RW          388    .bss                usart2.o
    0x20000a80   0x000000c8   Zero   RW          443    .bss                usart.o
    0x20000b48   0x000094c0   Zero   RW          582    .bss                malloc.o
    0x2000a008   0x00000021   Zero   RW          705    .bss                fontupd.o
    0x2000a029   0x00000050   Zero   RW          782    .bss                lora_app.o
    0x2000a079   0x00000003   PAD
    0x2000a07c   0x00000060   Zero   RW         1077    .bss                c_w.l(libspace.o)
    0x2000a0dc   0x00000004   PAD
    0x2000a0e0   0x00000200   Zero   RW          477    HEAP                startup_stm32f10x_hd.o
    0x2000a2e0   0x00000400   Zero   RW          476    STACK               startup_stm32f10x_hd.o


==============================================================================

Image component sizes


      Code (inc. data)   RO Data    RW Data    ZI Data      Debug   Object Name

       378          0          0          0          0       2994   24cxx.o
         0          0          0          0          0         32   core_cm3.o
       588         14          0          0          0       2173   ctiic.o
       212         18          0          4          0       1367   delay.o
       516         12          0          2          0       4874   diskio.o
       408         20        100        340          0       5856   exfuns.o
     12950        138         58         10          0      34534   ff.o
       960         16          0          2          0       5196   flash.o
       964        126        109         16         33       4176   fontupd.o
       252         16          0          1          0       1000   key.o
     22700        204       6080          4         14      24612   lcd.o
        80          8          0          0          0        671   led.o
      1352        274          0         33         80       4036   lora_app.o
      4804        624        233        141          0       7188   lora_ui.o
       508        134          0          0          0     276111   main.o
       416          6          0         20      38080       4625   malloc.o
       220         22          0          0          0       2149   misc.o
      1316         16          0          1          0       6198   mmc_sd.o
       204         12        960          0          0       1925   mycc936.o
       600         12          0          0          0       2028   myiic.o
       880         60         10          1          0       3098   ott2001a.o
       232         12          0          0         18       1645   spi.o
        64         26        304          0       1536        928   startup_stm32f10x_hd.o
       596          8          0          0          0       4678   stm32f10x_dma.o
       284         10          0          0          0       2583   stm32f10x_exti.o
       860         38          0          0          0       5993   stm32f10x_gpio.o
        26          0          0          0          0       1354   stm32f10x_it.o
       932         36          0         20          0       9340   stm32f10x_rcc.o
       780         14          0          0          0       6878   stm32f10x_spi.o
      3610         88          0          0          0      22480   stm32f10x_tim.o
      1032         22          0          0          0       8720   stm32f10x_usart.o
        12          0          0          0          0        625   sys.o
       480         38          0         20          0       2259   system_stm32f10x.o
       724         16          0          0          0       3268   text.o
      3076        180        133         60          0       7079   touch.o
       324         16          0          6        200       3658   usart.o
       912         48          0          8       1640       4890   usart2.o
      3116       1288         40         28          0       4754   usmart.o
         0          0        107        276          0       2096   usmart_config.o
      1320         12          0          0          0       5401   usmart_str.o

    ----------------------------------------------------------------------
     68696       3584       8176       1012      41608     493472   Object Totals
         0          0         32          0          0          0   (incl. Generated)
         8          0         10         19          7          0   (incl. Padding)

    ----------------------------------------------------------------------

      Code (inc. data)   RO Data    RW Data    ZI Data      Debug   Library Member Name

        24          4          0          0          0         84   __2printf.o
        44          6          0          0          0         84   __2sprintf.o
        90          0          0          0          0          0   __dczerorl2.o
         8          0          0          0          0         68   __main.o
       392          4         17          0          0         92   __printf_flags_ss_wp.o
        14          0          0          0          0         68   __printf_wp.o
         0          0          0          0          0          0   __rtentry.o
        12          0          0          0          0          0   __rtentry2.o
         6          0          0          0          0          0   __rtentry4.o
        52          8          0          0          0          0   __scatter.o
        28          0          0          0          0          0   __scatter_zi.o
         6          0          0          0          0          0   _printf_a.o
         6          0          0          0          0          0   _printf_c.o
        44          0          0          0          0        108   _printf_char.o
        48          6          0          0          0         96   _printf_char_common.o
        36          4          0          0          0         80   _printf_char_file.o
        40          0          0          0          0         68   _printf_charcount.o
         6          0          0          0          0          0   _printf_d.o
       120         16          0          0          0         92   _printf_dec.o
         6          0          0          0          0          0   _printf_e.o
         6          0          0          0          0          0   _printf_f.o
      1050          0          0          0          0        216   _printf_fp_dec.o
       764         10         38          0          0        100   _printf_fp_hex.o
       128         16          0          0          0         84   _printf_fp_infnan.o
         6          0          0          0          0          0   _printf_g.o
       148          4         40          0          0        160   _printf_hex_int_ll_ptr.o
         6          0          0          0          0          0   _printf_i.o
       178          0          0          0          0         88   _printf_intcommon.o
        10          0          0          0          0          0   _printf_l.o
         6          0          0          0          0          0   _printf_lc.o
        10          0          0          0          0          0   _printf_ll.o
         6          0          0          0          0          0   _printf_lld.o
         6          0          0          0          0          0   _printf_lli.o
         6          0          0          0          0          0   _printf_llo.o
         6          0          0          0          0          0   _printf_llu.o
         6          0          0          0          0          0   _printf_llx.o
       124         16          0          0          0         92   _printf_longlong_dec.o
         6          0          0          0          0          0   _printf_ls.o
         6          0          0          0          0          0   _printf_n.o
         6          0          0          0          0          0   _printf_o.o
       112          8          0          0          0        124   _printf_oct_int_ll.o
         6          0          0          0          0          0   _printf_p.o
        78          0          0          0          0        108   _printf_pad.o
         0          0          0          0          0          0   _printf_percent.o
         4          0          0          0          0          0   _printf_percent_end.o
         6          0          0          0          0          0   _printf_s.o
        82          0          0          0          0         80   _printf_str.o
        36          0          0          0          0         84   _printf_truncate.o
         6          0          0          0          0          0   _printf_u.o
        44          0          0          0          0        108   _printf_wchar.o
       188          6          8          0          0         92   _printf_wctomb.o
         6          0          0          0          0          0   _printf_x.o
        22          0          0          0          0        100   _rserrno.o
        10          0          0          0          0         68   _sputc.o
        64          0          0          0          0         92   _wcrtomb.o
       220          4        148          0          0         96   bigflt0.o
      1910        128          0          0          0        672   btod.o
        12          0          0          0          0         72   exit.o
         8          0          0          0          0         68   ferror.o
         6          0          0          0          0        152   heapauxi.o
        44         10        272          0          0         76   lc_ctype_c.o
        44         10         28          0          0         76   lc_numeric_c.o
         2          0          0          0          0          0   libinit.o
        30          0          0          0          0          0   libinit2.o
         2          0          0          0          0          0   libshutdown.o
         2          0          0          0          0          0   libshutdown2.o
         8          4          0          0         96         68   libspace.o
       138          0          0          0          0         80   lludiv10.o
        16          4          0          0          0         76   rt_ctype_table.o
         8          4          0          0          0         68   rt_errno_addr_intlibspace.o
         8          4          0          0          0         68   rt_locale_intlibspace.o
        68          0          0          0          0         68   rt_memclr.o
        78          0          0          0          0         80   rt_memclr_w.o
         2          0          0          0          0          0   rtexit.o
        10          0          0          0          0          0   rtexit2.o
       128          0          0          0          0         68   strcmpv7m.o
        72          0          0          0          0         80   strcpy.o
        62          0          0          0          0         76   strlen.o
        36          0          0          0          0         80   strstr.o
        74          0          0          0          0         80   sys_stackheap_outer.o
         2          0          0          0          0         68   use_no_semi.o
         2          0          0          0          0         68   use_no_semi_2.o
        36          4          0          0          0         76   vsprintf.o
       826         16          0          0          0        348   daddsub_clz.o
        24          0          0          0          0         68   dcmpi.o
        90          4          0          0          0         92   dfixu.o
        84          0          0          0          0        136   dflt_clz.o
       120          4          0          0          0         92   dleqf.o
       340         12          0          0          0        104   dmul.o
       156          4          0          0          0         92   dnaninf.o
        12          0          0          0          0         68   dretinf.o
       108          0          0          0          0         80   drleqf.o
       460         56          0          0          0        120   dsqrt_noumaal.o
        86          4          0          0          0         84   f2d.o
       430          8          0          0          0        168   faddsub_clz.o
        24          0          0          0          0         68   fcmpi.o
       388         76          0          0          0         96   fdiv.o
       104          4          0          0          0         84   feqf.o
        54          4          0          0          0         84   ffix.o
        62          4          0          0          0         84   ffixu.o
        86          0          0          0          0        136   fflt_clz.o
       258          4          0          0          0         84   fmul.o
       140          4          0          0          0         84   fnaninf.o
        10          0          0          0          0         68   fretinf.o
         4          0          0          0          0         68   printf1.o
         4          0          0          0          0         68   printf2.o
         0          0          0          0          0          0   usenofp.o
        40          0          0          0          0         68   fpclassify.o
        76          0          0          0          0         84   sqrt.o

    ----------------------------------------------------------------------
     11170        484        554          0        100       7280   Library Totals
        26          0          3          0          4          0   (incl. Padding)

    ----------------------------------------------------------------------

      Code (inc. data)   RO Data    RW Data    ZI Data      Debug   Library Name

      7158        280        551          0         96       4752   c_w.l
      3870        204          0          0          0       2376   fz_ws.l
       116          0          0          0          0        152   m_ws.l

    ----------------------------------------------------------------------
     11170        484        554          0        100       7280   Library Totals

    ----------------------------------------------------------------------

==============================================================================


      Code (inc. data)   RO Data    RW Data    ZI Data      Debug   

     79866       4068       8730       1012      41708     493468   Grand Totals
     79866       4068       8730        344      41708     493468   ELF Image Totals (compressed)
     79866       4068       8730        344          0          0   ROM Totals

==============================================================================

    Total RO  Size (Code + RO Data)                88596 (  86.52kB)
    Total RW  Size (RW Data + ZI Data)             42720 (  41.72kB)
    Total ROM Size (Code + RO Data + RW Data)      88940 (  86.86kB)

==============================================================================

