<html>
<body>
<pre>
<h1>礦ision Build Log</h1>
<h2>Tool Versions:</h2>
IDE-Version: μVision V5.15
Copyright (C) 2015 ARM Ltd and ARM Germany GmbH. All rights reserved.
License Information:  ,  , LIC=HF8RA-1CZMA-JMF98-3EH07-B4KUR-L4SXL
 
Tool Versions:
Toolchain:       MDK-ARM Professional  Version: 5.15.0
Toolchain Path:  C:\Keil_v5\ARM\ARMCC\Bin
C Compiler:      Armcc.exe V5.05 update 2 (build 169)
Assembler:       Armasm.exe V5.05 update 2 (build 169)
Linker/Locator:  ArmLink.exe V5.05 update 2 (build 169)
Library Manager: ArmAr.exe V5.05 update 2 (build 169)
Hex Converter:   FromElf.exe V5.05 update 2 (build 169)
CPU DLL:         SARMCM3.DLL V5.15.0
Dialog DLL:      DCM.DLL V1.13.2.0
Target DLL:      STLink\ST-LINKIII-KEIL_SWO.dll V2.0.15.0_KEIL
Dialog DLL:      TCM.DLL V1.14.5.0
 
<h2>Project:</h2>
C:\Users\myiMac\Desktop\水下接收端3.0\433970762（标准库版本，适合MiniV3 STM32开发板）扩展实验23 ATK-LORA-01模块实验\（标准库版本，适合MiniV3 STM32开发板）扩展实验23 ATK-LORA-01模块实验\USER\LORA.uvprojx
Project File Date:  03/06/2019

<h2>Output:</h2>
*** Using Compiler 'V5.05 update 2 (build 169)', folder: 'C:\Keil_v5\ARM\ARMCC\Bin'
Build target 'LORA'
compiling lora_app.c...
linking...
Program Size: Code=81642 RO-data=8730 RW-data=1036 ZI-data=41708  
FromELF: creating hex file...
"..\OBJ\LORA.axf" - 0 Error(s), 0 Warning(s).

<h2>Collection of Component include folders:</h2>
  C:\Users\myiMac\Desktop\水下接收端3.0\433970762（标准库版本，适合MiniV3 STM32开发板）扩展实验23 ATK-LORA-01模块实验\（标准库版本，适合MiniV3 STM32开发板）扩展实验23 ATK-LORA-01模块实验\USER\RTE
  C:\Keil_v5\ARM\PACK\Keil\STM32F1xx_DFP\1.1.0\Device\Include

<h2>Collection of Component Files used:</h2>
</pre>
</body>
</html>
